Archive member included to satisfy reference by file (symbol)

../src/ASF/thirdparty/wireless/ble_smart_sdk/lib/cm0/gcc\libblusdk.a(event.o)
                              src/ASF/thirdparty/wireless/ble_smart_sdk/ble_services/ble_mgr/ble_manager.o (at_ble_event_get)
../src/ASF/thirdparty/wireless/ble_smart_sdk/lib/cm0/gcc\libblusdk.a(gap.o)
                              src/ASF/thirdparty/wireless/ble_smart_sdk/ble_services/ble_mgr/ble_manager.o (at_ble_device_name_set)
../src/ASF/thirdparty/wireless/ble_smart_sdk/lib/cm0/gcc\libblusdk.a(gatt_client.o)
                              ../src/ASF/thirdparty/wireless/ble_smart_sdk/lib/cm0/gcc\libblusdk.a(gap.o) (init_gatt_client_module)
../src/ASF/thirdparty/wireless/ble_smart_sdk/lib/cm0/gcc\libblusdk.a(gatt_server.o)
                              ../src/ASF/thirdparty/wireless/ble_smart_sdk/lib/cm0/gcc\libblusdk.a(gap.o) (initi_gatt_server_module)
../src/ASF/thirdparty/wireless/ble_smart_sdk/lib/cm0/gcc\libblusdk.a(l2cc_task.o)
                              ../src/ASF/thirdparty/wireless/ble_smart_sdk/lib/cm0/gcc\libblusdk.a(gap.o) (init_l2cc_task_module)
../src/ASF/thirdparty/wireless/ble_smart_sdk/lib/cm0/gcc\libblusdk.a(security.o)
                              src/ASF/thirdparty/wireless/ble_smart_sdk/ble_services/ble_mgr/ble_manager.o (at_ble_authenticate)
../src/ASF/thirdparty/wireless/ble_smart_sdk/lib/cm0/gcc\libblusdk.a(interface.o)
                              ../src/ASF/thirdparty/wireless/ble_smart_sdk/lib/cm0/gcc\libblusdk.a(gap.o) (rx_callback)
../src/ASF/thirdparty/wireless/ble_smart_sdk/lib/cm0/gcc\libblusdk.a(calib_task.o)
                              ../src/ASF/thirdparty/wireless/ble_smart_sdk/lib/cm0/gcc\libblusdk.a(gap.o) (calib_config)
../src/ASF/thirdparty/wireless/ble_smart_sdk/lib/cm0/gcc\libblusdk.a(dbg_task.o)
                              ../src/ASF/thirdparty/wireless/ble_smart_sdk/lib/cm0/gcc\libblusdk.a(gap.o) (dbg_le_set_bd_addr_req_handler)
../src/ASF/thirdparty/wireless/ble_smart_sdk/lib/cm0/gcc\libblusdk.a(gapc_task.o)
                              ../src/ASF/thirdparty/wireless/ble_smart_sdk/lib/cm0/gcc\libblusdk.a(security.o) (check_ConnData_idx_role)
../src/ASF/thirdparty/wireless/ble_smart_sdk/lib/cm0/gcc\libblusdk.a(gapm_task.o)
                              ../src/ASF/thirdparty/wireless/ble_smart_sdk/lib/cm0/gcc\libblusdk.a(gap.o) (gapm_reset_req_handler)
../src/ASF/thirdparty/wireless/ble_smart_sdk/lib/cm0/gcc\libblusdk.a(gattc_task.o)
                              ../src/ASF/thirdparty/wireless/ble_smart_sdk/lib/cm0/gcc\libblusdk.a(gatt_server.o) (gattc_read_req_ind_parser)
../src/ASF/thirdparty/wireless/ble_smart_sdk/lib/cm0/gcc\libblusdk.a(gattm_task.o)
                              ../src/ASF/thirdparty/wireless/ble_smart_sdk/lib/cm0/gcc\libblusdk.a(gatt_server.o) (gattm_add_svc_req_handler)
../src/ASF/thirdparty/wireless/ble_smart_sdk/lib/cm0/gcc\libblusdk.a(htpt_task.o)
                              ../src/ASF/thirdparty/wireless/ble_smart_sdk/lib/cm0/gcc\libblusdk.a(event.o) (htpt_enable_rsp_handler)
c:/program files (x86)/atmel/studio/7.0/toolchain/arm/arm-gnu-toolchain/bin/../lib/gcc/arm-none-eabi/5.3.1/../../../../arm-none-eabi/lib/armv6-m\libm.a(lib_a-w_pow.o)
                              src/csc_app.o (pow)
c:/program files (x86)/atmel/studio/7.0/toolchain/arm/arm-gnu-toolchain/bin/../lib/gcc/arm-none-eabi/5.3.1/../../../../arm-none-eabi/lib/armv6-m\libm.a(lib_a-e_pow.o)
                              c:/program files (x86)/atmel/studio/7.0/toolchain/arm/arm-gnu-toolchain/bin/../lib/gcc/arm-none-eabi/5.3.1/../../../../arm-none-eabi/lib/armv6-m\libm.a(lib_a-w_pow.o) (__ieee754_pow)
c:/program files (x86)/atmel/studio/7.0/toolchain/arm/arm-gnu-toolchain/bin/../lib/gcc/arm-none-eabi/5.3.1/../../../../arm-none-eabi/lib/armv6-m\libm.a(lib_a-e_sqrt.o)
                              c:/program files (x86)/atmel/studio/7.0/toolchain/arm/arm-gnu-toolchain/bin/../lib/gcc/arm-none-eabi/5.3.1/../../../../arm-none-eabi/lib/armv6-m\libm.a(lib_a-e_pow.o) (__ieee754_sqrt)
c:/program files (x86)/atmel/studio/7.0/toolchain/arm/arm-gnu-toolchain/bin/../lib/gcc/arm-none-eabi/5.3.1/../../../../arm-none-eabi/lib/armv6-m\libm.a(lib_a-s_fabs.o)
                              c:/program files (x86)/atmel/studio/7.0/toolchain/arm/arm-gnu-toolchain/bin/../lib/gcc/arm-none-eabi/5.3.1/../../../../arm-none-eabi/lib/armv6-m\libm.a(lib_a-e_pow.o) (fabs)
c:/program files (x86)/atmel/studio/7.0/toolchain/arm/arm-gnu-toolchain/bin/../lib/gcc/arm-none-eabi/5.3.1/../../../../arm-none-eabi/lib/armv6-m\libm.a(lib_a-s_finite.o)
                              c:/program files (x86)/atmel/studio/7.0/toolchain/arm/arm-gnu-toolchain/bin/../lib/gcc/arm-none-eabi/5.3.1/../../../../arm-none-eabi/lib/armv6-m\libm.a(lib_a-w_pow.o) (finite)
c:/program files (x86)/atmel/studio/7.0/toolchain/arm/arm-gnu-toolchain/bin/../lib/gcc/arm-none-eabi/5.3.1/../../../../arm-none-eabi/lib/armv6-m\libm.a(lib_a-s_lib_ver.o)
[...]
Memory Configuration

Name             Origin             Length             Attributes
ram              0x10008000         0x00017800         xrw
lram             0x1001f800         0x00000800         xrw
*default*        0x00000000         0xffffffff

Linker script and memory map

LOAD c:/program files (x86)/atmel/studio/7.0/toolchain/arm/arm-gnu-toolchain/bin/../lib/gcc/arm-none-eabi/5.3.1/armv6-m/crti.o
LOAD c:/program files (x86)/atmel/studio/7.0/toolchain/arm/arm-gnu-toolchain/bin/../lib/gcc/arm-none-eabi/5.3.1/armv6-m/crtbegin.o
LOAD c:/program files (x86)/atmel/studio/7.0/toolchain/arm/arm-gnu-toolchain/bin/../lib/gcc/arm-none-eabi/5.3.1/../../../../arm-none-eabi/lib/armv6-m/crt0.o
LOAD src/ASF/sam0/drivers/dma/dma_sam_b.o
LOAD src/ASF/common/utils/interrupt/interrupt_sam_nvic.o
LOAD src/ASF/sam0/boards/samb11_xplained_pro/board_init.o
LOAD src/ASF/sam0/drivers/dualtimer/dualtimer.o
LOAD src/ASF/sam0/drivers/gpio/gpio.o
LOAD src/ASF/sam0/drivers/system/system_sam_b.o
LOAD src/ASF/sam0/drivers/timer/timer.o
LOAD src/ASF/sam0/drivers/uart/uart.o
LOAD src/ASF/sam0/utils/cmsis/samb11/source/gcc/startup_samb11.o
LOAD src/ASF/sam0/utils/cmsis/samb11/source/system_samb11.o
LOAD src/ASF/sam0/utils/stdio/read.o
LOAD src/ASF/sam0/utils/stdio/write.o
LOAD src/ASF/sam0/utils/syscalls/gcc/syscalls.o
LOAD src/ASF/thirdparty/wireless/ble_smart_sdk/ble_profiles/cscp/cscp.o
LOAD src/ASF/thirdparty/wireless/ble_smart_sdk/ble_services/ble_mgr/ble_manager.o
LOAD src/ASF/thirdparty/wireless/ble_smart_sdk/ble_services/cscs/cscs.o
LOAD src/ASF/thirdparty/wireless/ble_smart_sdk/services/dualtimer/timer_hw.o
LOAD src/ASF/thirdparty/wireless/ble_smart_sdk/services/gpio/button.o
LOAD src/ASF/thirdparty/wireless/ble_smart_sdk/services/gpio/led.o
LOAD src/ASF/thirdparty/wireless/ble_smart_sdk/services/uart/console_serial.o
LOAD src/ASF/thirdparty/wireless/ble_smart_sdk/src/event_handler.o
LOAD src/ASF/thirdparty/wireless/ble_smart_sdk/src/platform_drv.o
LOAD src/ASF/thirdparty/wireless/ble_smart_sdk/src/port_from_sdk.o
LOAD src/csc_app.o
START GROUP
LOAD ../src/ASF/thirdparty/CMSIS/Lib/GCC\libarm_cortexM0l_math.a
LOAD ../src/ASF/thirdparty/wireless/ble_smart_sdk/lib/cm0/gcc\libblusdk.a
LOAD c:/program files (x86)/atmel/studio/7.0/toolchain/arm/arm-gnu-toolchain/bin/../lib/gcc/arm-none-eabi/5.3.1/../../../../arm-none-eabi/lib/armv6-m\libm.a
END GROUP
START GROUP
LOAD c:/program files (x86)/atmel/studio/7.0/toolchain/arm/arm-gnu-toolchain/bin/../lib/gcc/arm-none-eabi/5.3.1/armv6-m\libgcc.a
LOAD c:/program files (x86)/atmel/studio/7.0/toolchain/arm/arm-gnu-toolchain/bin/../lib/gcc/arm-none-eabi/5.3.1/../../../../arm-none-eabi/lib/armv6-m\libc_nano.a
END GROUP
START GROUP
LOAD c:/program files (x86)/atmel/studio/7.0/toolchain/arm/arm-gnu-toolchain/bin/../lib/gcc/arm-none-eabi/5.3.1/armv6-m\libgcc.a
LOAD c:/program files (x86)/atmel/studio/7.0/toolchain/arm/arm-gnu-toolchain/bin/../lib/gcc/arm-none-eabi/5.3.1/../../../../arm-none-eabi/lib/armv6-m\libc_nano.a
END GROUP
LOAD c:/program files (x86)/atmel/studio/7.0/toolchain/arm/arm-gnu-toolchain/bin/../lib/gcc/arm-none-eabi/5.3.1/armv6-m/crtend.o
LOAD c:/program files (x86)/atmel/studio/7.0/toolchain/arm/arm-gnu-toolchain/bin/../lib/gcc/arm-none-eabi/5.3.1/armv6-m/crtn.o
                0x00000800                STACK_SIZE = DEFINED (STACK_SIZE)?STACK_SIZE:DEFINED (__stack_size__)?__stack_size__:0x800

.text           0x10008000     0xd2e4
                0x10008000                . = ALIGN (0x4)
                0x10008000                _sfixed = .
 *(.test.main .text.app_entry)
 .text.app_entry
                0x10008000       0x88 src/ASF/sam0/utils/cmsis/samb11/source/gcc/startup_samb11.o
                0x10008000                app_entry
 *(.text .text.* .gnu.linkonce.t.*)
 .text          0x10008088       0x60 c:/program files (x86)/atmel/studio/7.0/toolchain/arm/arm-gnu-toolchain/bin/../lib/gcc/arm-none-eabi/5.3.1/armv6-m/crtbegin.o
 .text.dma_isr_handler
                0x100080e8      0x110 src/ASF/sam0/drivers/dma/dma_sam_b.o
 .text.dma_get_config_defaults
                0x100081f8       0x30 src/ASF/sam0/drivers/dma/dma_sam_b.o
                0x100081f8                dma_get_config_defaults
 .text.dma_add_descriptor
                0x10008228       0xa8 src/ASF/sam0/drivers/dma/dma_sam_b.o
                0x10008228                dma_add_descriptor
 .text.dma_start_transfer_job
                0x100082d0       0x78 src/ASF/sam0/drivers/dma/dma_sam_b.o
                0x100082d0                dma_start_transfer_job
 .text.dma_allocate
                0x10008348      0x1c0 src/ASF/sam0/drivers/dma/dma_sam_b.o
                0x10008348                dma_allocate
 .text.gpio_get_config_defaults
                0x10008508       0x10 src/ASF/sam0/drivers/gpio/gpio.o
                0x10008508                gpio_get_config_defaults
 .text.gpio_pin_set_config
                0x10008518      0x1b8 src/ASF/sam0/drivers/gpio/gpio.o
                0x10008518                gpio_pin_set_config
 .text.gpio_pin_set_output_level
                0x100086d0       0x8c src/ASF/sam0/drivers/gpio/gpio.o
                0x100086d0                gpio_pin_set_output_level
 .text.gpio_pinmux_cofiguration
                0x1000875c      0x14c src/ASF/sam0/drivers/gpio/gpio.o
                0x1000875c                gpio_pinmux_cofiguration
 .text.system_clock_config
                0x100088a8       0x84 src/ASF/sam0/drivers/system/system_sam_b.o
                0x100088a8                system_clock_config
 .text.system_clock_get_value
                0x1000892c        0xc src/ASF/sam0/drivers/system/system_sam_b.o
                0x1000892c                system_clock_get_value
 .text.system_clock_peripheral_enable
                0x10008938      0x35c src/ASF/sam0/drivers/system/system_sam_b.o
                0x10008938                system_clock_peripheral_enable
 .text.system_peripheral_reset
                0x10008c94      0x468 src/ASF/sam0/drivers/system/system_sam_b.o
                0x10008c94                system_peripheral_reset
 .text.system_register_isr
                0x100090fc       0x10 src/ASF/sam0/drivers/system/system_sam_b.o
                0x100090fc                system_register_isr
 .text.uart_rx0_isr_handler
                0x1000910c       0x88 src/ASF/sam0/drivers/uart/uart.o
 .text.uart_tx0_isr_handler
                0x10009194       0x8c src/ASF/sam0/drivers/uart/uart.o
 .text.uart_rx1_isr_handler
                0x10009220       0x88 src/ASF/sam0/drivers/uart/uart.o
 .text.uart_tx1_isr_handler
                0x100092a8       0x8c src/ASF/sam0/drivers/uart/uart.o
 .text.uart_get_config_defaults
                0x10009334       0x2c src/ASF/sam0/drivers/uart/uart.o
                0x10009334                uart_get_config_defaults
 .text.uart_init
                0x10009360      0x1bc src/ASF/sam0/drivers/uart/uart.o
                0x10009360                uart_init
 .text.uart_write_wait
                0x1000951c       0x10 src/ASF/sam0/drivers/uart/uart.o
                0x1000951c                uart_write_wait
 .text.uart_read_wait
                0x1000952c       0x14 src/ASF/sam0/drivers/uart/uart.o
                0x1000952c                uart_read_wait
 .text.uart_read_buffer_job
                0x10009540       0x28 src/ASF/sam0/drivers/uart/uart.o
                0x10009540                uart_read_buffer_job
 .text.uart_register_callback
                0x10009568       0x14 src/ASF/sam0/drivers/uart/uart.o
                0x10009568                uart_register_callback
 .text.uart_enable_callback
                0x1000957c       0x20 src/ASF/sam0/drivers/uart/uart.o
                0x1000957c                uart_enable_callback
 .text.uart_disable_callback
                0x1000959c       0x20 src/ASF/sam0/drivers/uart/uart.o
                0x1000959c                uart_disable_callback
 .text.uart_enable_transmit_dma
                0x100095bc       0x38 src/ASF/sam0/drivers/uart/uart.o
                0x100095bc                uart_enable_transmit_dma
 .text.uart_enable_receive_dma
                0x100095f4       0x38 src/ASF/sam0/drivers/uart/uart.o
                0x100095f4                uart_enable_receive_dma
 .text._read    0x1000962c       0x40 src/ASF/sam0/utils/stdio/read.o
                0x1000962c                _read
 .text._write   0x1000966c       0x50 src/ASF/sam0/utils/stdio/write.o
                0x1000966c                _write
 .text._sbrk    0x100096bc       0x24 src/ASF/sam0/utils/syscalls/gcc/syscalls.o
                0x100096bc                _sbrk
 .text._close   0x100096e0        0x8 src/ASF/sam0/utils/syscalls/gcc/syscalls.o
                0x100096e0                _close
 .text._fstat   0x100096e8        0xc src/ASF/sam0/utils/syscalls/gcc/syscalls.o
                0x100096e8                _fstat
 .text._isatty  0x100096f4        0x4 src/ASF/sam0/utils/syscalls/gcc/syscalls.o
                0x100096f4                _isatty
 .text._lseek   0x100096f8        0x4 src/ASF/sam0/utils/syscalls/gcc/syscalls.o
                0x100096f8                _lseek
 .text.csc_prf_disconnect_event_handler
                0x100096fc       0x10 src/ASF/thirdparty/wireless/ble_smart_sdk/ble_profiles/cscp/cscp.o
                0x100096fc                csc_prf_disconnect_event_handler
 .text.csc_notification_confirmation_handler
                0x1000970c        0x4 src/ASF/thirdparty/wireless/ble_smart_sdk/ble_profiles/cscp/cscp.o
                0x1000970c                csc_notification_confirmation_handler
 .text.csc_prf_service_found_handler
                0x10009710       0x18 src/ASF/thirdparty/wireless/ble_smart_sdk/ble_profiles/cscp/cscp.o
                0x10009710                csc_prf_service_found_handler
 .text.csc_prf_characteristic_found_handler
                0x10009728       0x18 src/ASF/thirdparty/wireless/ble_smart_sdk/ble_profiles/cscp/cscp.o
                0x10009728                csc_prf_characteristic_found_handler
 .text.csc_prf_descriptor_found_handler
                0x10009740       0x18 src/ASF/thirdparty/wireless/ble_smart_sdk/ble_profiles/cscp/cscp.o
                0x10009740                csc_prf_descriptor_found_handler
 .text.csc_prf_notification_handler
                0x10009758       0x44 src/ASF/thirdparty/wireless/ble_smart_sdk/ble_profiles/cscp/cscp.o
                0x10009758                csc_prf_notification_handler
 .text.csc_prf_char_changed_handler
                0x1000979c        0x4 src/ASF/thirdparty/wireless/ble_smart_sdk/ble_profiles/cscp/cscp.o
                0x1000979c                csc_prf_char_changed_handler
 .text.csc_prf_connected_state_handler
                0x100097a0       0x7c src/ASF/thirdparty/wireless/ble_smart_sdk/ble_profiles/cscp/cscp.o
                0x100097a0                csc_prf_connected_state_handler
 .text.csc_prf_discovery_complete_handler
                0x1000981c       0x98 src/ASF/thirdparty/wireless/ble_smart_sdk/ble_profiles/cscp/cscp.o
                0x1000981c                csc_prf_discovery_complete_handler
 .text.csc_prf_write_notification_handler
                0x100098b4       0x60 src/ASF/thirdparty/wireless/ble_smart_sdk/ble_profiles/cscp/cscp.o
                0x100098b4                csc_prf_write_notification_handler
 .text.csc_prf_buf_init
                0x10009914        0xc src/ASF/thirdparty/wireless/ble_smart_sdk/ble_profiles/cscp/cscp.o
                0x10009914                csc_prf_buf_init
 .text.csc_prf_init
                0x10009920       0x6c src/ASF/thirdparty/wireless/ble_smart_sdk/ble_profiles/cscp/cscp.o
                0x10009920                csc_prf_init
 .text.csc_prf_send_data
                0x1000998c       0x30 src/ASF/thirdparty/wireless/ble_smart_sdk/ble_profiles/cscp/cscp.o
                0x1000998c                csc_prf_send_data
 .text.csc_prf_dev_adv
                0x100099bc       0x5c src/ASF/thirdparty/wireless/ble_smart_sdk/ble_profiles/cscp/cscp.o
                0x100099bc                csc_prf_dev_adv
 .text.notify_recv_ntf_handler
                0x10009a18        0xc src/ASF/thirdparty/wireless/ble_smart_sdk/ble_profiles/cscp/cscp.o
                0x10009a18                notify_recv_ntf_handler
 .text.ble_undefined_event_handler
                0x10009a24        0x4 src/ASF/thirdparty/wireless/ble_smart_sdk/ble_services/ble_mgr/ble_manager.o
                0x10009a24                ble_undefined_event_handler
 .text.ble_mtu_changed_indication_handler
                0x10009a28        0x4 src/ASF/thirdparty/wireless/ble_smart_sdk/ble_services/ble_mgr/ble_manager.o
                0x10009a28                ble_mtu_changed_indication_handler
 .text.ble_characteristic_write_cmd_complete_handler
                0x10009a2c        0xc src/ASF/thirdparty/wireless/ble_smart_sdk/ble_services/ble_mgr/ble_manager.o
                0x10009a2c                ble_characteristic_write_cmd_complete_handler
 .text.ble_conn_param_update
                0x10009a38        0x4 src/ASF/thirdparty/wireless/ble_smart_sdk/ble_services/ble_mgr/ble_manager.o
                0x10009a38                ble_conn_param_update
 .text.ble_scan_report_handler
                0x10009a3c       0x28 src/ASF/thirdparty/wireless/ble_smart_sdk/ble_services/ble_mgr/ble_manager.o
                0x10009a3c                ble_scan_report_handler
 .text.ble_mtu_changed_cmd_complete_handler
                0x10009a64       0x30 src/ASF/thirdparty/wireless/ble_smart_sdk/ble_services/ble_mgr/ble_manager.o
                0x10009a64                ble_mtu_changed_cmd_complete_handler
 .text.ble_disconnected_state_handler
                0x10009a94       0x88 src/ASF/thirdparty/wireless/ble_smart_sdk/ble_services/ble_mgr/ble_manager.o
                0x10009a94                ble_disconnected_state_handler
 .text.ble_encryption_status_change_handler
                0x10009b1c       0xc4 src/ASF/thirdparty/wireless/ble_smart_sdk/ble_services/ble_mgr/ble_manager.o
                0x10009b1c                ble_encryption_status_change_handler
 .text.ble_scan_info_handler
                0x10009be0       0x80 src/ASF/thirdparty/wireless/ble_smart_sdk/ble_services/ble_mgr/ble_manager.o
                0x10009be0                ble_scan_info_handler
 .text.ble_pair_done_handler
                0x10009c60      0x120 src/ASF/thirdparty/wireless/ble_smart_sdk/ble_services/ble_mgr/ble_manager.o
                0x10009c60                ble_pair_done_handler
 .text.ble_conn_param_update_req
                0x10009d80       0x18 src/ASF/thirdparty/wireless/ble_smart_sdk/ble_services/ble_mgr/ble_manager.o
                0x10009d80                ble_conn_param_update_req
 .text.ble_slave_security_request_handler
                0x10009d98      0x1ec src/ASF/thirdparty/wireless/ble_smart_sdk/ble_services/ble_mgr/ble_manager.o
                0x10009d98                ble_slave_security_request_handler
 .text.ble_pair_request_handler
                0x10009f84      0x154 src/ASF/thirdparty/wireless/ble_smart_sdk/ble_services/ble_mgr/ble_manager.o
                0x10009f84                ble_pair_request_handler
 .text.ble_pair_key_request_handler
                0x1000a0d8      0x144 src/ASF/thirdparty/wireless/ble_smart_sdk/ble_services/ble_mgr/ble_manager.o
                0x1000a0d8                ble_pair_key_request_handler
 .text.ble_encryption_request_handler
                0x1000a21c       0xec src/ASF/thirdparty/wireless/ble_smart_sdk/ble_services/ble_mgr/ble_manager.o
                0x1000a21c                ble_encryption_request_handler
 .text.ble_mgr_events_callback_handler
                0x1000a308       0xd0 src/ASF/thirdparty/wireless/ble_smart_sdk/ble_services/ble_mgr/ble_manager.o
                0x1000a308                ble_mgr_events_callback_handler
 .text.ble_device_init
                0x1000a3d8      0x2c0 src/ASF/thirdparty/wireless/ble_smart_sdk/ble_services/ble_mgr/ble_manager.o
                0x1000a3d8                ble_device_init
 .text.ble_send_slave_sec_request
                0x1000a698       0x34 src/ASF/thirdparty/wireless/ble_smart_sdk/ble_services/ble_mgr/ble_manager.o
                0x1000a698                ble_send_slave_sec_request
 .text.ble_connected_state_handler
                0x1000a6cc      0x23c src/ASF/thirdparty/wireless/ble_smart_sdk/ble_services/ble_mgr/ble_manager.o
                0x1000a6cc                ble_connected_state_handler
 .text.ble_resolv_rand_addr_handler
                0x1000a908       0xec src/ASF/thirdparty/wireless/ble_smart_sdk/ble_services/ble_mgr/ble_manager.o
                0x1000a908                ble_resolv_rand_addr_handler
 .text.ble_event_manager
                0x1000a9f4      0x128 src/ASF/thirdparty/wireless/ble_smart_sdk/ble_services/ble_mgr/ble_manager.o
                0x1000a9f4                ble_event_manager
 .text.ble_event_task
                0x1000ab1c       0x30 src/ASF/thirdparty/wireless/ble_smart_sdk/ble_services/ble_mgr/ble_manager.o
                0x1000ab1c                ble_event_task
 .text.ble_advertisement_data_set
                0x1000ab4c       0xa4 src/ASF/thirdparty/wireless/ble_smart_sdk/ble_services/ble_mgr/ble_manager.o
                0x1000ab4c                ble_advertisement_data_set
 .text.register_ble_user_event_cb
                0x1000abf0        0xc src/ASF/thirdparty/wireless/ble_smart_sdk/ble_services/ble_mgr/ble_manager.o
                0x1000abf0                register_ble_user_event_cb
 .text.csc_serv_init
                0x1000abfc       0x7c src/ASF/thirdparty/wireless/ble_smart_sdk/ble_services/cscs/cscs.o
                0x1000abfc                csc_serv_init
 .text.csc_serv_send_data
                0x1000ac78       0xac src/ASF/thirdparty/wireless/ble_smart_sdk/ble_services/cscs/cscs.o
                0x1000ac78                csc_serv_send_data
 .text.uart_read_complete_callback
                0x1000ad24       0x54 src/ASF/thirdparty/wireless/ble_smart_sdk/services/uart/console_serial.o
 .text.usart_serial_getchar
                0x1000ad78       0x18 src/ASF/thirdparty/wireless/ble_smart_sdk/services/uart/console_serial.o
 .text.usart_serial_putchar
                0x1000ad90       0x18 src/ASF/thirdparty/wireless/ble_smart_sdk/services/uart/console_serial.o
 .text.serial_console_init
                0x1000ada8       0xa8 src/ASF/thirdparty/wireless/ble_smart_sdk/services/uart/console_serial.o
                0x1000ada8                serial_console_init
 .text._time_start
                0x1000ae50       0x58 src/ASF/thirdparty/wireless/ble_smart_sdk/services/uart/console_serial.o
                0x1000ae50                _time_start
 .text._time_done
                0x1000aea8       0x10 src/ASF/thirdparty/wireless/ble_smart_sdk/services/uart/console_serial.o
                0x1000aea8                _time_done
 .text.getchar_b11_timeout
                0x1000aeb8       0x6c src/ASF/thirdparty/wireless/ble_smart_sdk/services/uart/console_serial.o
                0x1000aeb8                getchar_b11_timeout
 .text.register_uart_callback
                0x1000af24       0x30 src/ASF/thirdparty/wireless/ble_smart_sdk/services/uart/console_serial.o
                0x1000af24                register_uart_callback
 .text.platform_event_free
                0x1000af54       0x10 src/ASF/thirdparty/wireless/ble_smart_sdk/src/event_handler.o
                0x1000af54                platform_event_free
 .text.platform_event_post
                0x1000af64       0x38 src/ASF/thirdparty/wireless/ble_smart_sdk/src/event_handler.o
                0x1000af64                platform_event_post
 .text.platform_event_get
                0x1000af9c       0x74 src/ASF/thirdparty/wireless/ble_smart_sdk/src/event_handler.o
                0x1000af9c                platform_event_get
 .text.platform_event_init
                0x1000b010       0x30 src/ASF/thirdparty/wireless/ble_smart_sdk/src/event_handler.o
                0x1000b010                platform_event_init
 .text.at_ke_msg_send
                0x1000b040       0x78 src/ASF/thirdparty/wireless/ble_smart_sdk/src/platform_drv.o
 .text.samb11_plf_resume_callback
                0x1000b0b8       0x2c src/ASF/thirdparty/wireless/ble_smart_sdk/src/platform_drv.o
                0x1000b0b8                samb11_plf_resume_callback
 .text.init_port_list
                0x1000b0e4       0x44 src/ASF/thirdparty/wireless/ble_smart_sdk/src/platform_drv.o
                0x1000b0e4                init_port_list
 .text.init_clock
                0x1000b128       0x30 src/ASF/thirdparty/wireless/ble_smart_sdk/src/platform_drv.o
                0x1000b128                init_clock
 .text.platform_driver_init
                0x1000b158      0x244 src/ASF/thirdparty/wireless/ble_smart_sdk/src/platform_drv.o
                0x1000b158                platform_driver_init
 .text.platform_register_ble_msg_handler
                0x1000b39c       0x1c src/ASF/thirdparty/wireless/ble_smart_sdk/src/platform_drv.o
                0x1000b39c                platform_register_ble_msg_handler
 .text.platform_interface_send
                0x1000b3b8       0x50 src/ASF/thirdparty/wireless/ble_smart_sdk/src/platform_drv.o
                0x1000b3b8                platform_interface_send
 .text.send_plf_int_msg_ind
                0x1000b408       0x40 src/ASF/thirdparty/wireless/ble_smart_sdk/src/platform_drv.o
                0x1000b408                send_plf_int_msg_ind
 .text.platform_event_wait
                0x1000b448      0x264 src/ASF/thirdparty/wireless/ble_smart_sdk/src/platform_drv.o
                0x1000b448                platform_event_wait
 .text.acquire_sleep_lock
                0x1000b6ac       0x14 src/ASF/thirdparty/wireless/ble_smart_sdk/src/platform_drv.o
                0x1000b6ac                acquire_sleep_lock
 .text.release_message_lock
                0x1000b6c0       0x14 src/ASF/thirdparty/wireless/ble_smart_sdk/src/platform_drv.o
                0x1000b6c0                release_message_lock
 .text.gpio1_combined_isr_handler
                0x1000b6d4       0x70 src/ASF/thirdparty/wireless/ble_smart_sdk/src/port_from_sdk.o
                0x1000b6d4                gpio1_combined_isr_handler
 .text.gpio0_combined_isr_handler
                0x1000b744       0x6c src/ASF/thirdparty/wireless/ble_smart_sdk/src/port_from_sdk.o
                0x1000b744                gpio0_combined_isr_handler
 .text.PORT1_COMB_Handler
                0x1000b7b0       0x44 src/ASF/thirdparty/wireless/ble_smart_sdk/src/port_from_sdk.o
                0x1000b7b0                PORT1_COMB_Handler
 .text.wakeup_int_unregister_callback
                0x1000b7f4       0x18 src/ASF/thirdparty/wireless/ble_smart_sdk/src/port_from_sdk.o
                0x1000b7f4                wakeup_int_unregister_callback
 .text.wakeup_active_event_callback
                0x1000b80c       0x5c src/ASF/thirdparty/wireless/ble_smart_sdk/src/port_from_sdk.o
                0x1000b80c                wakeup_active_event_callback
 .text.app_connected_event_handler
                0x1000b868        0x4 src/csc_app.o
 .text.transfer_done_tx
                0x1000b86c       0x14 src/csc_app.o
 .text.app_disconnected_event_handler
                0x1000b880       0x1c src/csc_app.o
 .text.uart_rx_callback
                0x1000b89c       0x88 src/csc_app.o
 .text.csc_app_send_buf
                0x1000b924       0x40 src/csc_app.o
 .text.LED0_ON  0x1000b964       0x10 src/csc_app.o
                0x1000b964                LED0_ON
 .text.LED0_OFF
                0x1000b974       0x10 src/csc_app.o
                0x1000b974                LED0_OFF
 .text.csc_prf_report_ntf_cb
                0x1000b984       0xc8 src/csc_app.o
 .text.floatToStr
                0x1000ba4c      0x108 src/csc_app.o
                0x1000ba4c                floatToStr
 .text.transfer_done_rx
                0x1000bb54      0x1a8 src/csc_app.o
 .text.main     0x1000bcfc      0x264 src/csc_app.o
                0x1000bcfc                main
 .text.internal_event_post
                0x1000bf60       0x5c ../src/ASF/thirdparty/wireless/ble_smart_sdk/lib/cm0/gcc\libblusdk.a(event.o)
                0x1000bf60                internal_event_post
 .text.internal_event_init
                0x1000bfbc       0x2c ../src/ASF/thirdparty/wireless/ble_smart_sdk/lib/cm0/gcc\libblusdk.a(event.o)
                0x1000bfbc                internal_event_init
 .text.special_events_handler
                0x1000bfe8       0x90 ../src/ASF/thirdparty/wireless/ble_smart_sdk/lib/cm0/gcc\libblusdk.a(event.o)
                0x1000bfe8                special_events_handler
 .text.at_ble_event_get
                0x1000c078      0x6d8 ../src/ASF/thirdparty/wireless/ble_smart_sdk/lib/cm0/gcc\libblusdk.a(event.o)
                0x1000c078                at_ble_event_get
 .text.internal_event_flush
                0x1000c750       0x44 ../src/ASF/thirdparty/wireless/ble_smart_sdk/lib/cm0/gcc\libblusdk.a(event.o)
                0x1000c750                internal_event_flush
 .text.internal_conn_flush
                0x1000c794       0x54 ../src/ASF/thirdparty/wireless/ble_smart_sdk/lib/cm0/gcc\libblusdk.a(event.o)
                0x1000c794                internal_conn_flush
 .text.at_ble_device_name_set
                0x1000c7e8       0x34 ../src/ASF/thirdparty/wireless/ble_smart_sdk/lib/cm0/gcc\libblusdk.a(gap.o)
                0x1000c7e8                at_ble_device_name_set
 .text.at_ble_addr_get
                0x1000c81c       0x24 ../src/ASF/thirdparty/wireless/ble_smart_sdk/lib/cm0/gcc\libblusdk.a(gap.o)
                0x1000c81c                at_ble_addr_get
 .text.at_ble_set_dev_config
                0x1000c840       0x90 ../src/ASF/thirdparty/wireless/ble_smart_sdk/lib/cm0/gcc\libblusdk.a(gap.o)
                0x1000c840                at_ble_set_dev_config
 .text.at_ble_init
                0x1000c8d0      0x1b4 ../src/ASF/thirdparty/wireless/ble_smart_sdk/lib/cm0/gcc\libblusdk.a(gap.o)
                0x1000c8d0                at_ble_init
 .text.at_ble_addr_set
                0x1000ca84       0x54 ../src/ASF/thirdparty/wireless/ble_smart_sdk/lib/cm0/gcc\libblusdk.a(gap.o)
                0x1000ca84                at_ble_addr_set
 .text.at_ble_adv_data_set
                0x1000cad8       0x84 ../src/ASF/thirdparty/wireless/ble_smart_sdk/lib/cm0/gcc\libblusdk.a(gap.o)
                0x1000cad8                at_ble_adv_data_set
 .text.at_ble_adv_start
                0x1000cb5c      0x13c ../src/ASF/thirdparty/wireless/ble_smart_sdk/lib/cm0/gcc\libblusdk.a(gap.o)
                0x1000cb5c                at_ble_adv_start
 .text.at_ble_scan_stop
                0x1000cc98       0x20 ../src/ASF/thirdparty/wireless/ble_smart_sdk/lib/cm0/gcc\libblusdk.a(gap.o)
                0x1000cc98                at_ble_scan_stop
 .text.at_ble_disconnect
                0x1000ccb8       0x20 ../src/ASF/thirdparty/wireless/ble_smart_sdk/lib/cm0/gcc\libblusdk.a(gap.o)
                0x1000ccb8                at_ble_disconnect
 .text.at_ble_conn_update_reply
                0x1000ccd8        0xc ../src/ASF/thirdparty/wireless/ble_smart_sdk/lib/cm0/gcc\libblusdk.a(gap.o)
                0x1000ccd8                at_ble_conn_update_reply
 .text.at_ble_random_address_resolve
                0x1000cce4       0x28 ../src/ASF/thirdparty/wireless/ble_smart_sdk/lib/cm0/gcc\libblusdk.a(gap.o)
                0x1000cce4                at_ble_random_address_resolve
 .text.at_ble_uuid_type2len
                0x1000cd0c       0x14 ../src/ASF/thirdparty/wireless/ble_smart_sdk/lib/cm0/gcc\libblusdk.a(gap.o)
                0x1000cd0c                at_ble_uuid_type2len
 .text.at_ble_uuid_len2type
                0x1000cd20       0x14 ../src/ASF/thirdparty/wireless/ble_smart_sdk/lib/cm0/gcc\libblusdk.a(gap.o)
                0x1000cd20                at_ble_uuid_len2type
 .text.init_gatt_client_module
                0x1000cd34        0xc ../src/ASF/thirdparty/wireless/ble_smart_sdk/lib/cm0/gcc\libblusdk.a(gatt_client.o)
                0x1000cd34                init_gatt_client_module
 .text.at_ble_primary_service_discover_by_uuid
                0x1000cd40       0x58 ../src/ASF/thirdparty/wireless/ble_smart_sdk/lib/cm0/gcc\libblusdk.a(gatt_client.o)
                0x1000cd40                at_ble_primary_service_discover_by_uuid
 .text.at_ble_characteristic_discover_all
                0x1000cd98       0x28 ../src/ASF/thirdparty/wireless/ble_smart_sdk/lib/cm0/gcc\libblusdk.a(gatt_client.o)
                0x1000cd98                at_ble_characteristic_discover_all
 .text.at_ble_descriptor_discover_all
                0x1000cdc0       0x28 ../src/ASF/thirdparty/wireless/ble_smart_sdk/lib/cm0/gcc\libblusdk.a(gatt_client.o)
                0x1000cdc0                at_ble_descriptor_discover_all
 .text.at_ble_characteristic_write
                0x1000cde8       0x4c ../src/ASF/thirdparty/wireless/ble_smart_sdk/lib/cm0/gcc\libblusdk.a(gatt_client.o)
                0x1000cde8                at_ble_characteristic_write
 .text.db_searchATT
                0x1000ce34       0x40 ../src/ASF/thirdparty/wireless/ble_smart_sdk/lib/cm0/gcc\libblusdk.a(gatt_server.o)
 .text.att_permissions
                0x1000ce74       0x58 ../src/ASF/thirdparty/wireless/ble_smart_sdk/lib/cm0/gcc\libblusdk.a(gatt_server.o)
 .text.char_permissions
                0x1000cecc       0x9c ../src/ASF/thirdparty/wireless/ble_smart_sdk/lib/cm0/gcc\libblusdk.a(gatt_server.o)
 .text.presentation_format_define
                0x1000cf68       0x2c ../src/ASF/thirdparty/wireless/ble_smart_sdk/lib/cm0/gcc\libblusdk.a(gatt_server.o)
 .text.db_addATT
                0x1000cf94       0xb8 ../src/ASF/thirdparty/wireless/ble_smart_sdk/lib/cm0/gcc\libblusdk.a(gatt_server.o)
 .text.user_description_define
                0x1000d04c       0x50 ../src/ASF/thirdparty/wireless/ble_smart_sdk/lib/cm0/gcc\libblusdk.a(gatt_server.o)
 .text.at_ble_read_authorize_reply.part.1
                0x1000d09c       0x30 ../src/ASF/thirdparty/wireless/ble_smart_sdk/lib/cm0/gcc\libblusdk.a(gatt_server.o)
 .text.internal_at_ble_service_define
                0x1000d0cc      0x3bc ../src/ASF/thirdparty/wireless/ble_smart_sdk/lib/cm0/gcc\libblusdk.a(gatt_server.o)
 .text.initi_gatt_server_module
                0x1000d488       0x3c ../src/ASF/thirdparty/wireless/ble_smart_sdk/lib/cm0/gcc\libblusdk.a(gatt_server.o)
                0x1000d488                initi_gatt_server_module
 .text.db_init  0x1000d4c4       0x44 ../src/ASF/thirdparty/wireless/ble_smart_sdk/lib/cm0/gcc\libblusdk.a(gatt_server.o)
                0x1000d4c4                db_init
 .text.at_ble_primary_service_define
                0x1000d508       0x20 ../src/ASF/thirdparty/wireless/ble_smart_sdk/lib/cm0/gcc\libblusdk.a(gatt_server.o)
                0x1000d508                at_ble_primary_service_define
 .text.at_ble_characteristic_value_set
                0x1000d528       0x3c ../src/ASF/thirdparty/wireless/ble_smart_sdk/lib/cm0/gcc\libblusdk.a(gatt_server.o)
                0x1000d528                at_ble_characteristic_value_set
 .text.at_ble_characteristic_value_get
                0x1000d564       0x40 ../src/ASF/thirdparty/wireless/ble_smart_sdk/lib/cm0/gcc\libblusdk.a(gatt_server.o)
                0x1000d564                at_ble_characteristic_value_get
 .text.at_ble_write_authorize_reply
                0x1000d5a4       0x88 ../src/ASF/thirdparty/wireless/ble_smart_sdk/lib/cm0/gcc\libblusdk.a(gatt_server.o)
                0x1000d5a4                at_ble_write_authorize_reply
 .text.gatts_handle_read_req
                0x1000d62c       0x30 ../src/ASF/thirdparty/wireless/ble_smart_sdk/lib/cm0/gcc\libblusdk.a(gatt_server.o)
                0x1000d62c                gatts_handle_read_req
 .text.gatts_handle_att_info_req
                0x1000d65c       0x3c ../src/ASF/thirdparty/wireless/ble_smart_sdk/lib/cm0/gcc\libblusdk.a(gatt_server.o)
                0x1000d65c                gatts_handle_att_info_req
 .text.gatts_handle_write_req
                0x1000d698       0x30 ../src/ASF/thirdparty/wireless/ble_smart_sdk/lib/cm0/gcc\libblusdk.a(gatt_server.o)
                0x1000d698                gatts_handle_write_req
 .text.at_ble_notification_send
                0x1000d6c8       0x74 ../src/ASF/thirdparty/wireless/ble_smart_sdk/lib/cm0/gcc\libblusdk.a(gatt_server.o)
                0x1000d6c8                at_ble_notification_send
 .text.init_l2cc_task_module
                0x1000d73c        0xc ../src/ASF/thirdparty/wireless/ble_smart_sdk/lib/cm0/gcc\libblusdk.a(l2cc_task.o)
                0x1000d73c                init_l2cc_task_module
 .text.l2cc_data_send_rsp_handler
                0x1000d748       0x2c ../src/ASF/thirdparty/wireless/ble_smart_sdk/lib/cm0/gcc\libblusdk.a(l2cc_task.o)
                0x1000d748                l2cc_data_send_rsp_handler
 .text.l2cc_data_received_handler
                0x1000d774       0x30 ../src/ASF/thirdparty/wireless/ble_smart_sdk/lib/cm0/gcc\libblusdk.a(l2cc_task.o)
                0x1000d774                l2cc_data_received_handler
 .text.at_ble_authenticate
                0x1000d7a4      0x130 ../src/ASF/thirdparty/wireless/ble_smart_sdk/lib/cm0/gcc\libblusdk.a(security.o)
                0x1000d7a4                at_ble_authenticate
 .text.at_ble_pair_key_reply
                0x1000d8d4       0x7c ../src/ASF/thirdparty/wireless/ble_smart_sdk/lib/cm0/gcc\libblusdk.a(security.o)
                0x1000d8d4                at_ble_pair_key_reply
 .text.at_ble_send_slave_sec_request
                0x1000d950       0x40 ../src/ASF/thirdparty/wireless/ble_smart_sdk/lib/cm0/gcc\libblusdk.a(security.o)
                0x1000d950                at_ble_send_slave_sec_request
 .text.at_ble_encryption_start
                0x1000d990       0x78 ../src/ASF/thirdparty/wireless/ble_smart_sdk/lib/cm0/gcc\libblusdk.a(security.o)
                0x1000d990                at_ble_encryption_start
 .text.at_ble_encryption_request_reply
                0x1000da08       0x34 ../src/ASF/thirdparty/wireless/ble_smart_sdk/lib/cm0/gcc\libblusdk.a(security.o)
                0x1000da08                at_ble_encryption_request_reply
 .text.rx_callback
                0x1000da3c       0x98 ../src/ASF/thirdparty/wireless/ble_smart_sdk/lib/cm0/gcc\libblusdk.a(interface.o)
                0x1000da3c                rx_callback
 .text.interface_send
                0x1000dad4       0x10 ../src/ASF/thirdparty/wireless/ble_smart_sdk/lib/cm0/gcc\libblusdk.a(interface.o)
                0x1000dad4                interface_send
 .text.interface_init
                0x1000dae4       0x48 ../src/ASF/thirdparty/wireless/ble_smart_sdk/lib/cm0/gcc\libblusdk.a(interface.o)
                0x1000dae4                interface_init
 .text.platform_cmd_cmpl_signal
                0x1000db2c        0xc ../src/ASF/thirdparty/wireless/ble_smart_sdk/lib/cm0/gcc\libblusdk.a(interface.o)
                0x1000db2c                platform_cmd_cmpl_signal
 .text.platform_cmd_cmpl_wait
                0x1000db38       0x2c ../src/ASF/thirdparty/wireless/ble_smart_sdk/lib/cm0/gcc\libblusdk.a(interface.o)
                0x1000db38                platform_cmd_cmpl_wait
 .text.start_timer
                0x1000db64        0x2 ../src/ASF/thirdparty/wireless/ble_smart_sdk/lib/cm0/gcc\libblusdk.a(interface.o)
                0x1000db64                start_timer
 .text.stop_timer
                0x1000db66        0x2 ../src/ASF/thirdparty/wireless/ble_smart_sdk/lib/cm0/gcc\libblusdk.a(interface.o)
                0x1000db66                stop_timer
 .text.dbg_le_set_bd_addr_req_handler
                0x1000db68       0x7c ../src/ASF/thirdparty/wireless/ble_smart_sdk/lib/cm0/gcc\libblusdk.a(dbg_task.o)
                0x1000db68                dbg_le_set_bd_addr_req_handler
 .text.gapc_get_dev_info_cfm.constprop.1
                0x1000dbe4       0xc0 ../src/ASF/thirdparty/wireless/ble_smart_sdk/lib/cm0/gcc\libblusdk.a(gapc_task.o)
 .text.check_ConnData_idx_role
                0x1000dca4       0x3c ../src/ASF/thirdparty/wireless/ble_smart_sdk/lib/cm0/gcc\libblusdk.a(gapc_task.o)
                0x1000dca4                check_ConnData_idx_role
 .text.check_ConnData_emptyEntry
                0x1000dce0       0x28 ../src/ASF/thirdparty/wireless/ble_smart_sdk/lib/cm0/gcc\libblusdk.a(gapc_task.o)
                0x1000dce0                check_ConnData_emptyEntry
 .text.gapc_cmp_evt
                0x1000dd08       0xd0 ../src/ASF/thirdparty/wireless/ble_smart_sdk/lib/cm0/gcc\libblusdk.a(gapc_task.o)
                0x1000dd08                gapc_cmp_evt
 .text.gapc_connection_cfm_handler
                0x1000ddd8       0xc4 ../src/ASF/thirdparty/wireless/ble_smart_sdk/lib/cm0/gcc\libblusdk.a(gapc_task.o)
                0x1000ddd8                gapc_connection_cfm_handler
 .text.gapc_con_req_ind
                0x1000de9c       0xe0 ../src/ASF/thirdparty/wireless/ble_smart_sdk/lib/cm0/gcc\libblusdk.a(gapc_task.o)
                0x1000de9c                gapc_con_req_ind
 .text.gapc_disconnect_cmd_handler
                0x1000df7c       0x44 ../src/ASF/thirdparty/wireless/ble_smart_sdk/lib/cm0/gcc\libblusdk.a(gapc_task.o)
                0x1000df7c                gapc_disconnect_cmd_handler
 .text.gapc_disconnect_ind
                0x1000dfc0       0x34 ../src/ASF/thirdparty/wireless/ble_smart_sdk/lib/cm0/gcc\libblusdk.a(gapc_task.o)
                0x1000dfc0                gapc_disconnect_ind
 .text.gapc_bond_cmd_handler
                0x1000dff4       0x68 ../src/ASF/thirdparty/wireless/ble_smart_sdk/lib/cm0/gcc\libblusdk.a(gapc_task.o)
                0x1000dff4                gapc_bond_cmd_handler
 .text.gapc_bond_ind
                0x1000e05c       0xd8 ../src/ASF/thirdparty/wireless/ble_smart_sdk/lib/cm0/gcc\libblusdk.a(gapc_task.o)
                0x1000e05c                gapc_bond_ind
 .text.gapc_bond_req_ind
                0x1000e134       0xe0 ../src/ASF/thirdparty/wireless/ble_smart_sdk/lib/cm0/gcc\libblusdk.a(gapc_task.o)
                0x1000e134                gapc_bond_req_ind
 .text.gapc_bond_cfm_handler_pair_resp
                0x1000e214       0x7c ../src/ASF/thirdparty/wireless/ble_smart_sdk/lib/cm0/gcc\libblusdk.a(gapc_task.o)
                0x1000e214                gapc_bond_cfm_handler_pair_resp
 .text.gapc_bond_cfm_handler_key_exch
                0x1000e290       0x50 ../src/ASF/thirdparty/wireless/ble_smart_sdk/lib/cm0/gcc\libblusdk.a(gapc_task.o)
                0x1000e290                gapc_bond_cfm_handler_key_exch
 .text.gapc_security_cmd_handler
                0x1000e2e0       0x40 ../src/ASF/thirdparty/wireless/ble_smart_sdk/lib/cm0/gcc\libblusdk.a(gapc_task.o)
                0x1000e2e0                gapc_security_cmd_handler
 .text.gapc_encrypt_cmd_handler
                0x1000e320       0x9c ../src/ASF/thirdparty/wireless/ble_smart_sdk/lib/cm0/gcc\libblusdk.a(gapc_task.o)
                0x1000e320                gapc_encrypt_cmd_handler
 .text.gapc_encrypt_req_ind
                0x1000e3bc       0x20 ../src/ASF/thirdparty/wireless/ble_smart_sdk/lib/cm0/gcc\libblusdk.a(gapc_task.o)
                0x1000e3bc                gapc_encrypt_req_ind
 .text.gapc_encrypt_cfm_handler
                0x1000e3dc       0x80 ../src/ASF/thirdparty/wireless/ble_smart_sdk/lib/cm0/gcc\libblusdk.a(gapc_task.o)
                0x1000e3dc                gapc_encrypt_cfm_handler
 .text.gapc_encrypt_ind
                0x1000e45c        0xe ../src/ASF/thirdparty/wireless/ble_smart_sdk/lib/cm0/gcc\libblusdk.a(gapc_task.o)
                0x1000e45c                gapc_encrypt_ind
 *fill*         0x1000e46a        0x2 
 .text.gapc_param_update_cfm_handler
                0x1000e46c       0x4c ../src/ASF/thirdparty/wireless/ble_smart_sdk/lib/cm0/gcc\libblusdk.a(gapc_task.o)
                0x1000e46c                gapc_param_update_cfm_handler
 .text.gapc_param_updated_ind
                0x1000e4b8       0x2a ../src/ASF/thirdparty/wireless/ble_smart_sdk/lib/cm0/gcc\libblusdk.a(gapc_task.o)
                0x1000e4b8                gapc_param_updated_ind
 .text.gapc_param_updated_req_ind
                0x1000e4e2       0x30 ../src/ASF/thirdparty/wireless/ble_smart_sdk/lib/cm0/gcc\libblusdk.a(gapc_task.o)
                0x1000e4e2                gapc_param_updated_req_ind
 *fill*         0x1000e512        0x2 
 .text.gapc_dev_info_req_ind_handler
                0x1000e514       0x28 ../src/ASF/thirdparty/wireless/ble_smart_sdk/lib/cm0/gcc\libblusdk.a(gapc_task.o)
                0x1000e514                gapc_dev_info_req_ind_handler
 .text.gapc_sec_req_ind
                0x1000e53c       0x16 ../src/ASF/thirdparty/wireless/ble_smart_sdk/lib/cm0/gcc\libblusdk.a(gapc_task.o)
                0x1000e53c                gapc_sec_req_ind
 .text.gapc_sign_counter_ind_handler
                0x1000e552       0x34 ../src/ASF/thirdparty/wireless/ble_smart_sdk/lib/cm0/gcc\libblusdk.a(gapc_task.o)
                0x1000e552                gapc_sign_counter_ind_handler
 *fill*         0x1000e586        0x2 
 .text.gapc_peer_att_info_ind_handler
                0x1000e588       0x7c ../src/ASF/thirdparty/wireless/ble_smart_sdk/lib/cm0/gcc\libblusdk.a(gapc_task.o)
                0x1000e588                gapc_peer_att_info_ind_handler
 .text.gapc_con_channel_map_ind_handler
                0x1000e604       0x18 ../src/ASF/thirdparty/wireless/ble_smart_sdk/lib/cm0/gcc\libblusdk.a(gapc_task.o)
                0x1000e604                gapc_con_channel_map_ind_handler
 .text.gapc_lecb_connected
                0x1000e61c       0x2e ../src/ASF/thirdparty/wireless/ble_smart_sdk/lib/cm0/gcc\libblusdk.a(gapc_task.o)
                0x1000e61c                gapc_lecb_connected
 .text.gapc_lecb_disconnected
                0x1000e64a       0x16 ../src/ASF/thirdparty/wireless/ble_smart_sdk/lib/cm0/gcc\libblusdk.a(gapc_task.o)
                0x1000e64a                gapc_lecb_disconnected
 .text.gapc_lecb_connect_req_ind
                0x1000e660       0x2a ../src/ASF/thirdparty/wireless/ble_smart_sdk/lib/cm0/gcc\libblusdk.a(gapc_task.o)
                0x1000e660                gapc_lecb_connect_req_ind
 .text.gapc_lecb_add_credit_resp_handler
                0x1000e68a       0x20 ../src/ASF/thirdparty/wireless/ble_smart_sdk/lib/cm0/gcc\libblusdk.a(gapc_task.o)
                0x1000e68a                gapc_lecb_add_credit_resp_handler
 *fill*         0x1000e6aa        0x2 
 .text.gapm_reset_req_handler
                0x1000e6ac       0x70 ../src/ASF/thirdparty/wireless/ble_smart_sdk/lib/cm0/gcc\libblusdk.a(gapm_task.o)
                0x1000e6ac                gapm_reset_req_handler
 .text.gapm_set_dev_config_cmd_handler
                0x1000e71c      0x108 ../src/ASF/thirdparty/wireless/ble_smart_sdk/lib/cm0/gcc\libblusdk.a(gapm_task.o)
                0x1000e71c                gapm_set_dev_config_cmd_handler
 .text.gapm_get_dev_config_cmd_handler
                0x1000e824       0xe0 ../src/ASF/thirdparty/wireless/ble_smart_sdk/lib/cm0/gcc\libblusdk.a(gapm_task.o)
                0x1000e824                gapm_get_dev_config_cmd_handler
 .text.gapm_cancel_cmd_handler
                0x1000e904       0x70 ../src/ASF/thirdparty/wireless/ble_smart_sdk/lib/cm0/gcc\libblusdk.a(gapm_task.o)
                0x1000e904                gapm_cancel_cmd_handler
 .text.gapm_dev_bdaddr_ind_handler
                0x1000e974       0x1c ../src/ASF/thirdparty/wireless/ble_smart_sdk/lib/cm0/gcc\libblusdk.a(gapm_task.o)
                0x1000e974                gapm_dev_bdaddr_ind_handler
 .text.gapm_cmp_evt
                0x1000e990      0x148 ../src/ASF/thirdparty/wireless/ble_smart_sdk/lib/cm0/gcc\libblusdk.a(gapm_task.o)
                0x1000e990                gapm_cmp_evt
 .text.gapm_start_adv_cmd_handler
                0x1000ead8      0x120 ../src/ASF/thirdparty/wireless/ble_smart_sdk/lib/cm0/gcc\libblusdk.a(gapm_task.o)
                0x1000ead8                gapm_start_adv_cmd_handler
 .text.get_gap_local_addr_type
                0x1000ebf8       0x18 ../src/ASF/thirdparty/wireless/ble_smart_sdk/lib/cm0/gcc\libblusdk.a(gapm_task.o)
                0x1000ebf8                get_gap_local_addr_type
 .text.gapm_adv_report_evt_handler
                0x1000ec10       0x88 ../src/ASF/thirdparty/wireless/ble_smart_sdk/lib/cm0/gcc\libblusdk.a(gapm_task.o)
                0x1000ec10                gapm_adv_report_evt_handler
 .text.gapm_resolv_addr_cmd_handler
                0x1000ec98       0x68 ../src/ASF/thirdparty/wireless/ble_smart_sdk/lib/cm0/gcc\libblusdk.a(gapm_task.o)
                0x1000ec98                gapm_resolv_addr_cmd_handler
 .text.gapm_addr_solved_ind_handler
                0x1000ed00       0x24 ../src/ASF/thirdparty/wireless/ble_smart_sdk/lib/cm0/gcc\libblusdk.a(gapm_task.o)
                0x1000ed00                gapm_addr_solved_ind_handler
 .text.gapm_profile_added_ind_handler
                0x1000ed24       0x20 ../src/ASF/thirdparty/wireless/ble_smart_sdk/lib/cm0/gcc\libblusdk.a(gapm_task.o)
                0x1000ed24                gapm_profile_added_ind_handler
 .text.gattc_read_req_ind_parser
                0x1000ed44        0xc ../src/ASF/thirdparty/wireless/ble_smart_sdk/lib/cm0/gcc\libblusdk.a(gattc_task.o)
                0x1000ed44                gattc_read_req_ind_parser
 .text.gattc_write_req_ind_parser
                0x1000ed50       0x38 ../src/ASF/thirdparty/wireless/ble_smart_sdk/lib/cm0/gcc\libblusdk.a(gattc_task.o)
                0x1000ed50                gattc_write_req_ind_parser
 .text.gattc_att_info_req_parser
                0x1000ed88        0xc ../src/ASF/thirdparty/wireless/ble_smart_sdk/lib/cm0/gcc\libblusdk.a(gattc_task.o)
                0x1000ed88                gattc_att_info_req_parser
 .text.gattc_read_cfm
                0x1000ed94       0x6c ../src/ASF/thirdparty/wireless/ble_smart_sdk/lib/cm0/gcc\libblusdk.a(gattc_task.o)
                0x1000ed94                gattc_read_cfm
 .text.gattc_write_cfm
                0x1000ee00       0x44 ../src/ASF/thirdparty/wireless/ble_smart_sdk/lib/cm0/gcc\libblusdk.a(gattc_task.o)
                0x1000ee00                gattc_write_cfm
 .text.gattc_att_info_cfm
                0x1000ee44       0x48 ../src/ASF/thirdparty/wireless/ble_smart_sdk/lib/cm0/gcc\libblusdk.a(gattc_task.o)
                0x1000ee44                gattc_att_info_cfm
 .text.gattc_send_evt_cmd_handler
                0x1000ee8c       0x78 ../src/ASF/thirdparty/wireless/ble_smart_sdk/lib/cm0/gcc\libblusdk.a(gattc_task.o)
                0x1000ee8c                gattc_send_evt_cmd_handler
 .text.gattc_disc_cmd_handler
                0x1000ef04       0x90 ../src/ASF/thirdparty/wireless/ble_smart_sdk/lib/cm0/gcc\libblusdk.a(gattc_task.o)
                0x1000ef04                gattc_disc_cmd_handler
 .text.gattc_write_cmd_handler
                0x1000ef94       0x88 ../src/ASF/thirdparty/wireless/ble_smart_sdk/lib/cm0/gcc\libblusdk.a(gattc_task.o)
                0x1000ef94                gattc_write_cmd_handler
 .text.gattc_event_cfm_handler
                0x1000f01c       0x40 ../src/ASF/thirdparty/wireless/ble_smart_sdk/lib/cm0/gcc\libblusdk.a(gattc_task.o)
                0x1000f01c                gattc_event_cfm_handler
 .text.gattc_disc_svc_ind_parser
                0x1000f05c       0x3c ../src/ASF/thirdparty/wireless/ble_smart_sdk/lib/cm0/gcc\libblusdk.a(gattc_task.o)
                0x1000f05c                gattc_disc_svc_ind_parser
 .text.gattc_disc_svc_incl_ind_parser
                0x1000f098       0x48 ../src/ASF/thirdparty/wireless/ble_smart_sdk/lib/cm0/gcc\libblusdk.a(gattc_task.o)
                0x1000f098                gattc_disc_svc_incl_ind_parser
 .text.gattc_disc_char_ind_parser
                0x1000f0e0       0x44 ../src/ASF/thirdparty/wireless/ble_smart_sdk/lib/cm0/gcc\libblusdk.a(gattc_task.o)
                0x1000f0e0                gattc_disc_char_ind_parser
 .text.gattc_disc_char_desc_ind_parser
                0x1000f124       0x34 ../src/ASF/thirdparty/wireless/ble_smart_sdk/lib/cm0/gcc\libblusdk.a(gattc_task.o)
                0x1000f124                gattc_disc_char_desc_ind_parser
 .text.gattc_event_ind_and_notification_parser
                0x1000f158       0x54 ../src/ASF/thirdparty/wireless/ble_smart_sdk/lib/cm0/gcc\libblusdk.a(gattc_task.o)
                0x1000f158                gattc_event_ind_and_notification_parser
 .text.gattc_complete_evt_handler
                0x1000f1ac       0x78 ../src/ASF/thirdparty/wireless/ble_smart_sdk/lib/cm0/gcc\libblusdk.a(gattc_task.o)
                0x1000f1ac                gattc_complete_evt_handler
 .text.gattc_event_mtu_changed_ind_parser
                0x1000f224       0x10 ../src/ASF/thirdparty/wireless/ble_smart_sdk/lib/cm0/gcc\libblusdk.a(gattc_task.o)
                0x1000f224                gattc_event_mtu_changed_ind_parser
 .text.gattc_read_ind_parser
                0x1000f234       0x40 ../src/ASF/thirdparty/wireless/ble_smart_sdk/lib/cm0/gcc\libblusdk.a(gattc_task.o)
                0x1000f234                gattc_read_ind_parser
 .text.gattc_svc_changed_cfg_ind_parser
                0x1000f274       0x10 ../src/ASF/thirdparty/wireless/ble_smart_sdk/lib/cm0/gcc\libblusdk.a(gattc_task.o)
                0x1000f274                gattc_svc_changed_cfg_ind_parser
 .text.init_gattc_task_module
                0x1000f284       0x14 ../src/ASF/thirdparty/wireless/ble_smart_sdk/lib/cm0/gcc\libblusdk.a(gattc_task.o)
                0x1000f284                init_gattc_task_module
 .text.gattm_add_svc_req_handler
                0x1000f298      0x10c ../src/ASF/thirdparty/wireless/ble_smart_sdk/lib/cm0/gcc\libblusdk.a(gattm_task.o)
                0x1000f298                gattm_add_svc_req_handler
 .text.gattm_add_attribute_req_handler
                0x1000f3a4       0x70 ../src/ASF/thirdparty/wireless/ble_smart_sdk/lib/cm0/gcc\libblusdk.a(gattm_task.o)
                0x1000f3a4                gattm_add_attribute_req_handler
 .text.gattm_att_set_value_req_handler
                0x1000f414       0x8c ../src/ASF/thirdparty/wireless/ble_smart_sdk/lib/cm0/gcc\libblusdk.a(gattm_task.o)
                0x1000f414                gattm_att_set_value_req_handler
 .text.gattm_att_get_value_req_handler
                0x1000f4a0       0x9c ../src/ASF/thirdparty/wireless/ble_smart_sdk/lib/cm0/gcc\libblusdk.a(gattm_task.o)
                0x1000f4a0                gattm_att_get_value_req_handler
 .text.htpt_enable_rsp_handler
                0x1000f53c        0xa ../src/ASF/thirdparty/wireless/ble_smart_sdk/lib/cm0/gcc\libblusdk.a(htpt_task.o)
                0x1000f53c                htpt_enable_rsp_handler
 .text.htpt_temp_send_rsp_handler
                0x1000f546        0x6 ../src/ASF/thirdparty/wireless/ble_smart_sdk/lib/cm0/gcc\libblusdk.a(htpt_task.o)
                0x1000f546                htpt_temp_send_rsp_handler
 .text.htpt_meas_intv_upd_rsp_handler
                0x1000f54c        0x6 ../src/ASF/thirdparty/wireless/ble_smart_sdk/lib/cm0/gcc\libblusdk.a(htpt_task.o)
                0x1000f54c                htpt_meas_intv_upd_rsp_handler
 .text.htpt_meas_intv_chg_req_ind_handler
                0x1000f552        0xc ../src/ASF/thirdparty/wireless/ble_smart_sdk/lib/cm0/gcc\libblusdk.a(htpt_task.o)
                0x1000f552                htpt_meas_intv_chg_req_ind_handler
 .text.htpt_cfg_indntf_ind_handler
                0x1000f55e        0xa ../src/ASF/thirdparty/wireless/ble_smart_sdk/lib/cm0/gcc\libblusdk.a(htpt_task.o)
                0x1000f55e                htpt_cfg_indntf_ind_handler
 .text.pow      0x1000f568      0x378 c:/program files (x86)/atmel/studio/7.0/toolchain/arm/arm-gnu-toolchain/bin/../lib/gcc/arm-none-eabi/5.3.1/../../../../arm-none-eabi/lib/armv6-m\libm.a(lib_a-w_pow.o)
                0x1000f568                pow
 .text.__ieee754_pow
                0x1000f8e0      0xa6c c:/program files (x86)/atmel/studio/7.0/toolchain/arm/arm-gnu-toolchain/bin/../lib/gcc/arm-none-eabi/5.3.1/../../../../arm-none-eabi/lib/armv6-m\libm.a(lib_a-e_pow.o)
                0x1000f8e0                __ieee754_pow
 .text.__ieee754_sqrt
                0x1001034c      0x1ec c:/program files (x86)/atmel/studio/7.0/toolchain/arm/arm-gnu-toolchain/bin/../lib/gcc/arm-none-eabi/5.3.1/../../../../arm-none-eabi/lib/armv6-m\libm.a(lib_a-e_sqrt.o)
                0x1001034c                __ieee754_sqrt
 .text.fabs     0x10010538        0x8 c:/program files (x86)/atmel/studio/7.0/toolchain/arm/arm-gnu-toolchain/bin/../lib/gcc/arm-none-eabi/5.3.1/../../../../arm-none-eabi/lib/armv6-m\libm.a(lib_a-s_fabs.o)
                0x10010538                fabs
 .text.finite   0x10010540       0x14 c:/program files (x86)/atmel/studio/7.0/toolchain/arm/arm-gnu-toolchain/bin/../lib/gcc/arm-none-eabi/5.3.1/../../../../arm-none-eabi/lib/armv6-m\libm.a(lib_a-s_finite.o)
                0x10010540                finite
 .text.matherr  0x10010554        0x4 c:/program files (x86)/atmel/studio/7.0/toolchain/arm/arm-gnu-toolchain/bin/../lib/gcc/arm-none-eabi/5.3.1/../../../../arm-none-eabi/lib/armv6-m\libm.a(lib_a-s_matherr.o)
                0x10010554                matherr
 .text.nan      0x10010558        0xc c:/program files (x86)/atmel/studio/7.0/toolchain/arm/arm-gnu-toolchain/bin/../lib/gcc/arm-none-eabi/5.3.1/../../../../arm-none-eabi/lib/armv6-m\libm.a(lib_a-s_nan.o)
                0x10010558                nan
 .text.rint     0x10010564      0x144 c:/program files (x86)/atmel/studio/7.0/toolchain/arm/arm-gnu-toolchain/bin/../lib/gcc/arm-none-eabi/5.3.1/../../../../arm-none-eabi/lib/armv6-m\libm.a(lib_a-s_rint.o)
                0x10010564                rint
 .text.scalbn   0x100106a8       0xd0 c:/program files (x86)/atmel/studio/7.0/toolchain/arm/arm-gnu-toolchain/bin/../lib/gcc/arm-none-eabi/5.3.1/../../../../arm-none-eabi/lib/armv6-m\libm.a(lib_a-s_scalbn.o)
                0x100106a8                scalbn
 .text.copysign
                0x10010778       0x10 c:/program files (x86)/atmel/studio/7.0/toolchain/arm/arm-gnu-toolchain/bin/../lib/gcc/arm-none-eabi/5.3.1/../../../../arm-none-eabi/lib/armv6-m\libm.a(lib_a-s_copysign.o)
                0x10010778                copysign
 .text          0x10010788       0x14 c:/program files (x86)/atmel/studio/7.0/toolchain/arm/arm-gnu-toolchain/bin/../lib/gcc/arm-none-eabi/5.3.1/armv6-m\libgcc.a(_thumb1_case_sqi.o)
                0x10010788                __gnu_thumb1_case_sqi
 .text          0x1001079c       0x14 c:/program files (x86)/atmel/studio/7.0/toolchain/arm/arm-gnu-toolchain/bin/../lib/gcc/arm-none-eabi/5.3.1/armv6-m\libgcc.a(_thumb1_case_uqi.o)
                0x1001079c                __gnu_thumb1_case_uqi
 .text          0x100107b0      0x114 c:/program files (x86)/atmel/studio/7.0/toolchain/arm/arm-gnu-toolchain/bin/../lib/gcc/arm-none-eabi/5.3.1/armv6-m\libgcc.a(_udivsi3.o)
                0x100107b0                __aeabi_uidiv
                0x100107b0                __udivsi3
                0x100108bc                __aeabi_uidivmod
 .text          0x100108c4      0x1d4 c:/program files (x86)/atmel/studio/7.0/toolchain/arm/arm-gnu-toolchain/bin/../lib/gcc/arm-none-eabi/5.3.1/armv6-m\libgcc.a(_divsi3.o)
                0x100108c4                __divsi3
                0x100108c4                __aeabi_idiv
                0x10010a90                __aeabi_idivmod
 .text          0x10010a98        0x4 c:/program files (x86)/atmel/studio/7.0/toolchain/arm/arm-gnu-toolchain/bin/../lib/gcc/arm-none-eabi/5.3.1/armv6-m\libgcc.a(_dvmd_tls.o)
                0x10010a98                __aeabi_idiv0
                0x10010a98                __aeabi_ldiv0
 .text          0x10010a9c       0x7c c:/program files (x86)/atmel/studio/7.0/toolchain/arm/arm-gnu-toolchain/bin/../lib/gcc/arm-none-eabi/5.3.1/armv6-m\libgcc.a(_arm_cmpdf2.o)
                0x10010a9c                __aeabi_cdrcmple
                0x10010aac                __aeabi_cdcmple
                0x10010aac                __aeabi_cdcmpeq
                0x10010abc                __aeabi_dcmpeq
                0x10010ac8                __aeabi_dcmplt
                0x10010adc                __aeabi_dcmple
                0x10010af0                __aeabi_dcmpgt
                0x10010b04                __aeabi_dcmpge
 .text          0x10010b18       0x74 c:/program files (x86)/atmel/studio/7.0/toolchain/arm/arm-gnu-toolchain/bin/../lib/gcc/arm-none-eabi/5.3.1/armv6-m\libgcc.a(_arm_cmpsf2.o)
                0x10010b18                __aeabi_cfrcmple
                0x10010b20                __aeabi_cfcmpeq
                0x10010b20                __aeabi_cfcmple
                0x10010b30                __aeabi_fcmpeq
                0x10010b3c                __aeabi_fcmplt
                0x10010b50                __aeabi_fcmple
                0x10010b64                __aeabi_fcmpgt
                0x10010b78                __aeabi_fcmpge
 .text          0x10010b8c       0x3c c:/program files (x86)/atmel/studio/7.0/toolchain/arm/arm-gnu-toolchain/bin/../lib/gcc/arm-none-eabi/5.3.1/armv6-m\libgcc.a(_fixunsdfsi.o)
                0x10010b8c                __aeabi_d2uiz
                0x10010b8c                __fixunsdfsi
 .text          0x10010bc8       0x50 c:/program files (x86)/atmel/studio/7.0/toolchain/arm/arm-gnu-toolchain/bin/../lib/gcc/arm-none-eabi/5.3.1/armv6-m\libgcc.a(eqsf2.o)
                0x10010bc8                __eqsf2
                0x10010bc8                __nesf2
 .text          0x10010c18       0x88 c:/program files (x86)/atmel/studio/7.0/toolchain/arm/arm-gnu-toolchain/bin/../lib/gcc/arm-none-eabi/5.3.1/armv6-m\libgcc.a(gesf2.o)
                0x10010c18                __gesf2
                0x10010c18                __gtsf2
 .text          0x10010ca0       0x88 c:/program files (x86)/atmel/studio/7.0/toolchain/arm/arm-gnu-toolchain/bin/../lib/gcc/arm-none-eabi/5.3.1/armv6-m\libgcc.a(lesf2.o)
                0x10010ca0                __ltsf2
                0x10010ca0                __lesf2
 .text          0x10010d28      0x228 c:/program files (x86)/atmel/studio/7.0/toolchain/arm/arm-gnu-toolchain/bin/../lib/gcc/arm-none-eabi/5.3.1/armv6-m\libgcc.a(mulsf3.o)
                0x10010d28                __aeabi_fmul
 .text          0x10010f50      0x30c c:/program files (x86)/atmel/studio/7.0/toolchain/arm/arm-gnu-toolchain/bin/../lib/gcc/arm-none-eabi/5.3.1/armv6-m\libgcc.a(subsf3.o)
                0x10010f50                __aeabi_fsub
 .text          0x1001125c       0x44 c:/program files (x86)/atmel/studio/7.0/toolchain/arm/arm-gnu-toolchain/bin/../lib/gcc/arm-none-eabi/5.3.1/armv6-m\libgcc.a(fixsfsi.o)
                0x1001125c                __aeabi_f2iz
 .text          0x100112a0       0x90 c:/program files (x86)/atmel/studio/7.0/toolchain/arm/arm-gnu-toolchain/bin/../lib/gcc/arm-none-eabi/5.3.1/armv6-m\libgcc.a(floatsisf.o)
                0x100112a0                __aeabi_i2f
 .text          0x10011330      0x658 c:/program files (x86)/atmel/studio/7.0/toolchain/arm/arm-gnu-toolchain/bin/../lib/gcc/arm-none-eabi/5.3.1/armv6-m\libgcc.a(adddf3.o)
                0x10011330                __aeabi_dadd
 .text          0x10011988      0x62c c:/program files (x86)/atmel/studio/7.0/toolchain/arm/arm-gnu-toolchain/bin/../lib/gcc/arm-none-eabi/5.3.1/armv6-m\libgcc.a(divdf3.o)
                0x10011988                __aeabi_ddiv
 .text          0x10011fb4       0x80 c:/program files (x86)/atmel/studio/7.0/toolchain/arm/arm-gnu-toolchain/bin/../lib/gcc/arm-none-eabi/5.3.1/armv6-m\libgcc.a(eqdf2.o)
                0x10011fb4                __nedf2
                0x10011fb4                __eqdf2
 .text          0x10012034       0xc8 c:/program files (x86)/atmel/studio/7.0/toolchain/arm/arm-gnu-toolchain/bin/../lib/gcc/arm-none-eabi/5.3.1/armv6-m\libgcc.a(gedf2.o)
                0x10012034                __gedf2
                0x10012034                __gtdf2
 .text          0x100120fc       0xd4 c:/program files (x86)/atmel/studio/7.0/toolchain/arm/arm-gnu-toolchain/bin/../lib/gcc/arm-none-eabi/5.3.1/armv6-m\libgcc.a(ledf2.o)
                0x100120fc                __ledf2
                0x100120fc                __ltdf2
 .text          0x100121d0      0x4f4 c:/program files (x86)/atmel/studio/7.0/toolchain/arm/arm-gnu-toolchain/bin/../lib/gcc/arm-none-eabi/5.3.1/armv6-m\libgcc.a(muldf3.o)
                0x100121d0                __aeabi_dmul
 .text          0x100126c4      0x6a8 c:/program files (x86)/atmel/studio/7.0/toolchain/arm/arm-gnu-toolchain/bin/../lib/gcc/arm-none-eabi/5.3.1/armv6-m\libgcc.a(subdf3.o)
                0x100126c4                __aeabi_dsub
 .text          0x10012d6c       0x40 c:/program files (x86)/atmel/studio/7.0/toolchain/arm/arm-gnu-toolchain/bin/../lib/gcc/arm-none-eabi/5.3.1/armv6-m\libgcc.a(unorddf2.o)
                0x10012d6c                __aeabi_dcmpun
 .text          0x10012dac       0x6c c:/program files (x86)/atmel/studio/7.0/toolchain/arm/arm-gnu-toolchain/bin/../lib/gcc/arm-none-eabi/5.3.1/armv6-m\libgcc.a(fixdfsi.o)
                0x10012dac                __aeabi_d2iz
 .text          0x10012e18       0x84 c:/program files (x86)/atmel/studio/7.0/toolchain/arm/arm-gnu-toolchain/bin/../lib/gcc/arm-none-eabi/5.3.1/armv6-m\libgcc.a(floatsidf.o)
                0x10012e18                __aeabi_i2d
 .text          0x10012e9c       0x70 c:/program files (x86)/atmel/studio/7.0/toolchain/arm/arm-gnu-toolchain/bin/../lib/gcc/arm-none-eabi/5.3.1/armv6-m\libgcc.a(floatunsidf.o)
                0x10012e9c                __aeabi_ui2d
 .text          0x10012f0c      0x118 c:/program files (x86)/atmel/studio/7.0/toolchain/arm/arm-gnu-toolchain/bin/../lib/gcc/arm-none-eabi/5.3.1/armv6-m\libgcc.a(truncdfsf2.o)
                0x10012f0c                __aeabi_d2f
 .text          0x10013024       0x3c c:/program files (x86)/atmel/studio/7.0/toolchain/arm/arm-gnu-toolchain/bin/../lib/gcc/arm-none-eabi/5.3.1/armv6-m\libgcc.a(_clzsi2.o)
                0x10013024                __clzsi2
 .text.__errno  0x10013060        0xc c:/program files (x86)/atmel/studio/7.0/toolchain/arm/arm-gnu-toolchain/bin/../lib/gcc/arm-none-eabi/5.3.1/../../../../arm-none-eabi/lib/armv6-m\libc_nano.a(lib_a-errno.o)
                0x10013060                __errno
 .text.__libc_init_array
                0x1001306c       0x4c c:/program files (x86)/atmel/studio/7.0/toolchain/arm/arm-gnu-toolchain/bin/../lib/gcc/arm-none-eabi/5.3.1/../../../../arm-none-eabi/lib/armv6-m\libc_nano.a(lib_a-init.o)
                0x1001306c                __libc_init_array
 .text.__itoa   0x100130b8       0x2e c:/program files (x86)/atmel/studio/7.0/toolchain/arm/arm-gnu-toolchain/bin/../lib/gcc/arm-none-eabi/5.3.1/../../../../arm-none-eabi/lib/armv6-m\libc_nano.a(lib_a-itoa.o)
                0x100130b8                __itoa
 .text.itoa     0x100130e6        0x8 c:/program files (x86)/atmel/studio/7.0/toolchain/arm/arm-gnu-toolchain/bin/../lib/gcc/arm-none-eabi/5.3.1/../../../../arm-none-eabi/lib/armv6-m\libc_nano.a(lib_a-itoa.o)
                0x100130e6                itoa
 .text.memcmp   0x100130ee       0x1e c:/program files (x86)/atmel/studio/7.0/toolchain/arm/arm-gnu-toolchain/bin/../lib/gcc/arm-none-eabi/5.3.1/../../../../arm-none-eabi/lib/armv6-m\libc_nano.a(lib_a-memcmp.o)
                0x100130ee                memcmp
 .text.memcpy   0x1001310c       0x12 c:/program files (x86)/atmel/studio/7.0/toolchain/arm/arm-gnu-toolchain/bin/../lib/gcc/arm-none-eabi/5.3.1/../../../../arm-none-eabi/lib/armv6-m\libc_nano.a(lib_a-memcpy-stub.o)
                0x1001310c                memcpy
 .text.memset   0x1001311e       0x10 c:/program files (x86)/atmel/studio/7.0/toolchain/arm/arm-gnu-toolchain/bin/../lib/gcc/arm-none-eabi/5.3.1/../../../../arm-none-eabi/lib/armv6-m\libc_nano.a(lib_a-memset.o)
                0x1001311e                memset
 *fill*         0x1001312e        0x2 
 .text.printf   0x10013130       0x34 c:/program files (x86)/atmel/studio/7.0/toolchain/arm/arm-gnu-toolchain/bin/../lib/gcc/arm-none-eabi/5.3.1/../../../../arm-none-eabi/lib/armv6-m\libc_nano.a(lib_a-printf.o)
                0x10013130                iprintf
                0x10013130                printf
 .text.putchar  0x10013164       0x28 c:/program files (x86)/atmel/studio/7.0/toolchain/arm/arm-gnu-toolchain/bin/../lib/gcc/arm-none-eabi/5.3.1/../../../../arm-none-eabi/lib/armv6-m\libc_nano.a(lib_a-putchar.o)
                0x10013164                putchar
 .text._puts_r  0x1001318c       0xc4 c:/program files (x86)/atmel/studio/7.0/toolchain/arm/arm-gnu-toolchain/bin/../lib/gcc/arm-none-eabi/5.3.1/../../../../arm-none-eabi/lib/armv6-m\libc_nano.a(lib_a-puts.o)
                0x1001318c                _puts_r
 .text.puts     0x10013250       0x14 c:/program files (x86)/atmel/studio/7.0/toolchain/arm/arm-gnu-toolchain/bin/../lib/gcc/arm-none-eabi/5.3.1/../../../../arm-none-eabi/lib/armv6-m\libc_nano.a(lib_a-puts.o)
                0x10013250                puts
 .text.rand     0x10013264       0x78 c:/program files (x86)/atmel/studio/7.0/toolchain/arm/arm-gnu-toolchain/bin/../lib/gcc/arm-none-eabi/5.3.1/../../../../arm-none-eabi/lib/armv6-m\libc_nano.a(lib_a-rand.o)
                0x10013264                rand
 .text.setbuf   0x100132dc       0x12 c:/program files (x86)/atmel/studio/7.0/toolchain/arm/arm-gnu-toolchain/bin/../lib/gcc/arm-none-eabi/5.3.1/../../../../arm-none-eabi/lib/armv6-m\libc_nano.a(lib_a-setbuf.o)
                0x100132dc                setbuf
 *fill*         0x100132ee        0x2 
 .text.setvbuf  0x100132f0      0x160 c:/program files (x86)/atmel/studio/7.0/toolchain/arm/arm-gnu-toolchain/bin/../lib/gcc/arm-none-eabi/5.3.1/../../../../arm-none-eabi/lib/armv6-m\libc_nano.a(lib_a-setvbuf.o)
                0x100132f0                setvbuf
 .text          0x10013450        0xe c:/program files (x86)/atmel/studio/7.0/toolchain/arm/arm-gnu-toolchain/bin/../lib/gcc/arm-none-eabi/5.3.1/../../../../arm-none-eabi/lib/armv6-m\libc_nano.a(lib_a-strlen.o)
                0x10013450                strlen
 .text.strncat  0x1001345e       0x28 c:/program files (x86)/atmel/studio/7.0/toolchain/arm/arm-gnu-toolchain/bin/../lib/gcc/arm-none-eabi/5.3.1/../../../../arm-none-eabi/lib/armv6-m\libc_nano.a(lib_a-strncat.o)
                0x1001345e                strncat
 .text.strncmp  0x10013486       0x24 c:/program files (x86)/atmel/studio/7.0/toolchain/arm/arm-gnu-toolchain/bin/../lib/gcc/arm-none-eabi/5.3.1/../../../../arm-none-eabi/lib/armv6-m\libc_nano.a(lib_a-strncmp.o)
                0x10013486                strncmp
 *fill*         0x100134aa        0x2 
 .text.__utoa   0x100134ac       0x74 c:/program files (x86)/atmel/studio/7.0/toolchain/arm/arm-gnu-toolchain/bin/../lib/gcc/arm-none-eabi/5.3.1/../../../../arm-none-eabi/lib/armv6-m\libc_nano.a(lib_a-utoa.o)
                0x100134ac                __utoa
 .text.__swbuf_r
                0x10013520       0xb0 c:/program files (x86)/atmel/studio/7.0/toolchain/arm/arm-gnu-toolchain/bin/../lib/gcc/arm-none-eabi/5.3.1/../../../../arm-none-eabi/lib/armv6-m\libc_nano.a(lib_a-wbuf.o)
                0x10013520                __swbuf_r
 .text.__swsetup_r
                0x100135d0       0xec c:/program files (x86)/atmel/studio/7.0/toolchain/arm/arm-gnu-toolchain/bin/../lib/gcc/arm-none-eabi/5.3.1/../../../../arm-none-eabi/lib/armv6-m\libc_nano.a(lib_a-wsetup.o)
                0x100135d0                __swsetup_r
 .text.__sflush_r
                0x100136bc      0x10c c:/program files (x86)/atmel/studio/7.0/toolchain/arm/arm-gnu-toolchain/bin/../lib/gcc/arm-none-eabi/5.3.1/../../../../arm-none-eabi/lib/armv6-m\libc_nano.a(lib_a-fflush.o)
                0x100136bc                __sflush_r
 .text._fflush_r
                0x100137c8       0x58 c:/program files (x86)/atmel/studio/7.0/toolchain/arm/arm-gnu-toolchain/bin/../lib/gcc/arm-none-eabi/5.3.1/../../../../arm-none-eabi/lib/armv6-m\libc_nano.a(lib_a-fflush.o)
                0x100137c8                _fflush_r
 .text._cleanup_r
                0x10013820       0x10 c:/program files (x86)/atmel/studio/7.0/toolchain/arm/arm-gnu-toolchain/bin/../lib/gcc/arm-none-eabi/5.3.1/../../../../arm-none-eabi/lib/armv6-m\libc_nano.a(lib_a-findfp.o)
                0x10013820                _cleanup_r
 .text.std.isra.0
                0x10013830       0x48 c:/program files (x86)/atmel/studio/7.0/toolchain/arm/arm-gnu-toolchain/bin/../lib/gcc/arm-none-eabi/5.3.1/../../../../arm-none-eabi/lib/armv6-m\libc_nano.a(lib_a-findfp.o)
 .text.__sfmoreglue
                0x10013878       0x2c c:/program files (x86)/atmel/studio/7.0/toolchain/arm/arm-gnu-toolchain/bin/../lib/gcc/arm-none-eabi/5.3.1/../../../../arm-none-eabi/lib/armv6-m\libc_nano.a(lib_a-findfp.o)
                0x10013878                __sfmoreglue
 .text.__sinit  0x100138a4       0x68 c:/program files (x86)/atmel/studio/7.0/toolchain/arm/arm-gnu-toolchain/bin/../lib/gcc/arm-none-eabi/5.3.1/../../../../arm-none-eabi/lib/armv6-m\libc_nano.a(lib_a-findfp.o)
                0x100138a4                __sinit
 .text.__sfp    0x1001390c       0x7c c:/program files (x86)/atmel/studio/7.0/toolchain/arm/arm-gnu-toolchain/bin/../lib/gcc/arm-none-eabi/5.3.1/../../../../arm-none-eabi/lib/armv6-m\libc_nano.a(lib_a-findfp.o)
                0x1001390c                __sfp
 .text._fwalk_reent
                0x10013988       0x42 c:/program files (x86)/atmel/studio/7.0/toolchain/arm/arm-gnu-toolchain/bin/../lib/gcc/arm-none-eabi/5.3.1/../../../../arm-none-eabi/lib/armv6-m\libc_nano.a(lib_a-fwalk.o)
                0x10013988                _fwalk_reent
 *fill*         0x100139ca        0x2 
 .text.__swhatbuf_r
                0x100139cc       0x4c c:/program files (x86)/atmel/studio/7.0/toolchain/arm/arm-gnu-toolchain/bin/../lib/gcc/arm-none-eabi/5.3.1/../../../../arm-none-eabi/lib/armv6-m\libc_nano.a(lib_a-makebuf.o)
                0x100139cc                __swhatbuf_r
 .text.__smakebuf_r
                0x10013a18       0x7c c:/program files (x86)/atmel/studio/7.0/toolchain/arm/arm-gnu-toolchain/bin/../lib/gcc/arm-none-eabi/5.3.1/../../../../arm-none-eabi/lib/armv6-m\libc_nano.a(lib_a-makebuf.o)
                0x10013a18                __smakebuf_r
 .text.malloc   0x10013a94       0x14 c:/program files (x86)/atmel/studio/7.0/toolchain/arm/arm-gnu-toolchain/bin/../lib/gcc/arm-none-eabi/5.3.1/../../../../arm-none-eabi/lib/armv6-m\libc_nano.a(lib_a-malloc.o)
                0x10013a94                malloc
 .text._free_r  0x10013aa8       0x8c c:/program files (x86)/atmel/studio/7.0/toolchain/arm/arm-gnu-toolchain/bin/../lib/gcc/arm-none-eabi/5.3.1/../../../../arm-none-eabi/lib/armv6-m\libc_nano.a(lib_a-nano-freer.o)
                0x10013aa8                _free_r
 .text._malloc_r
                0x10013b34       0xac c:/program files (x86)/atmel/studio/7.0/toolchain/arm/arm-gnu-toolchain/bin/../lib/gcc/arm-none-eabi/5.3.1/../../../../arm-none-eabi/lib/armv6-m\libc_nano.a(lib_a-nano-mallocr.o)
                0x10013b34                _malloc_r
 .text.__sfputc_r
                0x10013be0       0x2a c:/program files (x86)/atmel/studio/7.0/toolchain/arm/arm-gnu-toolchain/bin/../lib/gcc/arm-none-eabi/5.3.1/../../../../arm-none-eabi/lib/armv6-m\libc_nano.a(lib_a-nano-vfprintf.o)
 .text.__sfputs_r
                0x10013c0a       0x24 c:/program files (x86)/atmel/studio/7.0/toolchain/arm/arm-gnu-toolchain/bin/../lib/gcc/arm-none-eabi/5.3.1/../../../../arm-none-eabi/lib/armv6-m\libc_nano.a(lib_a-nano-vfprintf.o)
                0x10013c0a                __sfputs_r
 *fill*         0x10013c2e        0x2 
 .text._vfprintf_r
                0x10013c30      0x238 c:/program files (x86)/atmel/studio/7.0/toolchain/arm/arm-gnu-toolchain/bin/../lib/gcc/arm-none-eabi/5.3.1/../../../../arm-none-eabi/lib/armv6-m\libc_nano.a(lib_a-nano-vfprintf.o)
                0x10013c30                _vfprintf_r
                0x10013c30                _vfiprintf_r
 .text._printf_common
                0x10013e68       0xdc c:/program files (x86)/atmel/studio/7.0/toolchain/arm/arm-gnu-toolchain/bin/../lib/gcc/arm-none-eabi/5.3.1/../../../../arm-none-eabi/lib/armv6-m\libc_nano.a(lib_a-nano-vfprintf_i.o)
                0x10013e68                _printf_common
 .text._printf_i
                0x10013f44      0x244 c:/program files (x86)/atmel/studio/7.0/toolchain/arm/arm-gnu-toolchain/bin/../lib/gcc/arm-none-eabi/5.3.1/../../../../arm-none-eabi/lib/armv6-m\libc_nano.a(lib_a-nano-vfprintf_i.o)
                0x10013f44                _printf_i
 .text._putc_r  0x10014188       0x6c c:/program files (x86)/atmel/studio/7.0/toolchain/arm/arm-gnu-toolchain/bin/../lib/gcc/arm-none-eabi/5.3.1/../../../../arm-none-eabi/lib/armv6-m\libc_nano.a(lib_a-putc.o)
                0x10014188                _putc_r
 .text._sbrk_r  0x100141f4       0x24 c:/program files (x86)/atmel/studio/7.0/toolchain/arm/arm-gnu-toolchain/bin/../lib/gcc/arm-none-eabi/5.3.1/../../../../arm-none-eabi/lib/armv6-m\libc_nano.a(lib_a-sbrkr.o)
                0x100141f4                _sbrk_r
 .text.__sread  0x10014218       0x28 c:/program files (x86)/atmel/studio/7.0/toolchain/arm/arm-gnu-toolchain/bin/../lib/gcc/arm-none-eabi/5.3.1/../../../../arm-none-eabi/lib/armv6-m\libc_nano.a(lib_a-stdio.o)
                0x10014218                __sread
 .text.__swrite
                0x10014240       0x38 c:/program files (x86)/atmel/studio/7.0/toolchain/arm/arm-gnu-toolchain/bin/../lib/gcc/arm-none-eabi/5.3.1/../../../../arm-none-eabi/lib/armv6-m\libc_nano.a(lib_a-stdio.o)
                0x10014240                __swrite
 .text.__sseek  0x10014278       0x2c c:/program files (x86)/atmel/studio/7.0/toolchain/arm/arm-gnu-toolchain/bin/../lib/gcc/arm-none-eabi/5.3.1/../../../../arm-none-eabi/lib/armv6-m\libc_nano.a(lib_a-stdio.o)
                0x10014278                __sseek
 .text.__sclose
                0x100142a4        0xc c:/program files (x86)/atmel/studio/7.0/toolchain/arm/arm-gnu-toolchain/bin/../lib/gcc/arm-none-eabi/5.3.1/../../../../arm-none-eabi/lib/armv6-m\libc_nano.a(lib_a-stdio.o)
                0x100142a4                __sclose
 .text._write_r
                0x100142b0       0x28 c:/program files (x86)/atmel/studio/7.0/toolchain/arm/arm-gnu-toolchain/bin/../lib/gcc/arm-none-eabi/5.3.1/../../../../arm-none-eabi/lib/armv6-m\libc_nano.a(lib_a-writer.o)
                0x100142b0                _write_r
 .text._close_r
                0x100142d8       0x24 c:/program files (x86)/atmel/studio/7.0/toolchain/arm/arm-gnu-toolchain/bin/../lib/gcc/arm-none-eabi/5.3.1/../../../../arm-none-eabi/lib/armv6-m\libc_nano.a(lib_a-closer.o)
                0x100142d8                _close_r
 .text._fstat_r
                0x100142fc       0x24 c:/program files (x86)/atmel/studio/7.0/toolchain/arm/arm-gnu-toolchain/bin/../lib/gcc/arm-none-eabi/5.3.1/../../../../arm-none-eabi/lib/armv6-m\libc_nano.a(lib_a-fstatr.o)
                0x100142fc                _fstat_r
 .text._isatty_r
                0x10014320       0x24 c:/program files (x86)/atmel/studio/7.0/toolchain/arm/arm-gnu-toolchain/bin/../lib/gcc/arm-none-eabi/5.3.1/../../../../arm-none-eabi/lib/armv6-m\libc_nano.a(lib_a-isattyr.o)
                0x10014320                _isatty_r
 .text._lseek_r
                0x10014344       0x28 c:/program files (x86)/atmel/studio/7.0/toolchain/arm/arm-gnu-toolchain/bin/../lib/gcc/arm-none-eabi/5.3.1/../../../../arm-none-eabi/lib/armv6-m\libc_nano.a(lib_a-lseekr.o)
                0x10014344                _lseek_r
 .text.memchr   0x1001436c       0x16 c:/program files (x86)/atmel/studio/7.0/toolchain/arm/arm-gnu-toolchain/bin/../lib/gcc/arm-none-eabi/5.3.1/../../../../arm-none-eabi/lib/armv6-m\libc_nano.a(lib_a-memchr-stub.o)
                0x1001436c                memchr
 *fill*         0x10014382        0x2 
 .text._read_r  0x10014384       0x28 c:/program files (x86)/atmel/studio/7.0/toolchain/arm/arm-gnu-toolchain/bin/../lib/gcc/arm-none-eabi/5.3.1/../../../../arm-none-eabi/lib/armv6-m\libc_nano.a(lib_a-readr.o)
                0x10014384                _read_r
 .text          0x100143ac       0x58 c:/program files (x86)/atmel/studio/7.0/toolchain/arm/arm-gnu-toolchain/bin/../lib/gcc/arm-none-eabi/5.3.1/armv6-m\libgcc.a(_muldi3.o)
                0x100143ac                __muldi3
                0x100143ac                __aeabi_lmul
 *(.glue_7t)
 .glue_7t       0x10014404        0x0 linker stubs
 *(.glue_7)
 .glue_7        0x10014404        0x0 linker stubs
 *(.rodata .rodata* .gnu.linkonce.r.*)
 .rodata.system_clock_peripheral_enable
                0x10014404       0xd8 src/ASF/sam0/drivers/system/system_sam_b.o
 .rodata.system_peripheral_reset
                0x100144dc      0x110 src/ASF/sam0/drivers/system/system_sam_b.o
 .rodata        0x100145ec       0x11 src/ASF/thirdparty/wireless/ble_smart_sdk/ble_profiles/cscp/cscp.o
 *fill*         0x100145fd        0x3 
 .rodata.csc_gatt_client_handle
                0x10014600       0x28 src/ASF/thirdparty/wireless/ble_smart_sdk/ble_profiles/cscp/cscp.o
 .rodata.csc_gap_handle
                0x10014628       0x4c src/ASF/thirdparty/wireless/ble_smart_sdk/ble_profiles/cscp/cscp.o
 .rodata.str1.4
                0x10014674      0x10c src/ASF/thirdparty/wireless/ble_smart_sdk/ble_profiles/cscp/cscp.o
 .rodata.csc_gatt_server_handle
                0x10014780       0x28 src/ASF/thirdparty/wireless/ble_smart_sdk/ble_profiles/cscp/cscp.o
 .rodata.ble_disconnected_state_handler
                0x100147a8       0x20 src/ASF/thirdparty/wireless/ble_smart_sdk/ble_services/ble_mgr/ble_manager.o
 .rodata.ble_mgr_events_callback_handler
                0x100147c8       0x1c src/ASF/thirdparty/wireless/ble_smart_sdk/ble_services/ble_mgr/ble_manager.o
 .rodata.ble_event_manager
                0x100147e4       0xf0 src/ASF/thirdparty/wireless/ble_smart_sdk/ble_services/ble_mgr/ble_manager.o
 .rodata        0x100148d4       0x2d src/ASF/thirdparty/wireless/ble_smart_sdk/ble_services/ble_mgr/ble_manager.o
 *fill*         0x10014901        0x3 
 .rodata.ble_mgr_gatt_server_handle
                0x10014904       0x28 src/ASF/thirdparty/wireless/ble_smart_sdk/ble_services/ble_mgr/ble_manager.o
 .rodata.str1.4
                0x1001492c      0x60e src/ASF/thirdparty/wireless/ble_smart_sdk/ble_services/ble_mgr/ble_manager.o
                                0x612 (size before relaxing)
 *fill*         0x10014f3a        0x2 
 .rodata.ble_mgr_gap_handle
                0x10014f3c       0x4c src/ASF/thirdparty/wireless/ble_smart_sdk/ble_services/ble_mgr/ble_manager.o
 .rodata        0x10014f88       0x25 src/ASF/thirdparty/wireless/ble_smart_sdk/ble_services/cscs/cscs.o
 *fill*         0x10014fad        0x3 
 .rodata.str1.4
                0x10014fb0       0x89 src/ASF/thirdparty/wireless/ble_smart_sdk/ble_services/cscs/cscs.o
                                 0x8d (size before relaxing)
 *fill*         0x10015039        0x3 
 .rodata.str1.4
                0x1001503c       0x74 src/csc_app.o
                                 0x78 (size before relaxing)
 .rodata.app_gap_handle
                0x100150b0       0x4c src/csc_app.o
 .rodata        0x100150fc        0xb ../src/ASF/thirdparty/wireless/ble_smart_sdk/lib/cm0/gcc\libblusdk.a(gap.o)
 .rodata.CSWTCH.45
                0x10015107        0x3 ../src/ASF/thirdparty/wireless/ble_smart_sdk/lib/cm0/gcc\libblusdk.a(gap.o)
 .rodata.CSWTCH.47
                0x1001510a        0xf ../src/ASF/thirdparty/wireless/ble_smart_sdk/lib/cm0/gcc\libblusdk.a(gap.o)
 .rodata.client_conf_uuid
                0x10015119        0x2 ../src/ASF/thirdparty/wireless/ble_smart_sdk/lib/cm0/gcc\libblusdk.a(gatt_server.o)
                0x10015119                client_conf_uuid
 .rodata.presentation_format_uuid
                0x1001511b        0x2 ../src/ASF/thirdparty/wireless/ble_smart_sdk/lib/cm0/gcc\libblusdk.a(gatt_server.o)
                0x1001511b                presentation_format_uuid
 .rodata.user_desc_uuid
                0x1001511d        0x2 ../src/ASF/thirdparty/wireless/ble_smart_sdk/lib/cm0/gcc\libblusdk.a(gatt_server.o)
                0x1001511d                user_desc_uuid
 .rodata.server_conf_uuid
                0x1001511f        0x2 ../src/ASF/thirdparty/wireless/ble_smart_sdk/lib/cm0/gcc\libblusdk.a(gatt_server.o)
                0x1001511f                server_conf_uuid
 .rodata.extended_props_uuid
                0x10015121        0x2 ../src/ASF/thirdparty/wireless/ble_smart_sdk/lib/cm0/gcc\libblusdk.a(gatt_server.o)
                0x10015121                extended_props_uuid
 .rodata.include_uuid
                0x10015123        0x2 ../src/ASF/thirdparty/wireless/ble_smart_sdk/lib/cm0/gcc\libblusdk.a(gatt_server.o)
                0x10015123                include_uuid
 .rodata.char_uuid
                0x10015125        0x2 ../src/ASF/thirdparty/wireless/ble_smart_sdk/lib/cm0/gcc\libblusdk.a(gatt_server.o)
                0x10015125                char_uuid
 *fill*         0x10015127        0x1 
 .rodata.str1.4
                0x10015128        0x4 c:/program files (x86)/atmel/studio/7.0/toolchain/arm/arm-gnu-toolchain/bin/../lib/gcc/arm-none-eabi/5.3.1/../../../../arm-none-eabi/lib/armv6-m\libm.a(lib_a-w_pow.o)
 .rodata.str1.4
                0x1001512c        0x4 c:/program files (x86)/atmel/studio/7.0/toolchain/arm/arm-gnu-toolchain/bin/../lib/gcc/arm-none-eabi/5.3.1/../../../../arm-none-eabi/lib/armv6-m\libm.a(lib_a-e_pow.o)
                                  0x1 (size before relaxing)
 *fill*         0x1001512c        0x4 
 .rodata.TWO52  0x10015130       0x10 c:/program files (x86)/atmel/studio/7.0/toolchain/arm/arm-gnu-toolchain/bin/../lib/gcc/arm-none-eabi/5.3.1/../../../../arm-none-eabi/lib/armv6-m\libm.a(lib_a-s_rint.o)
 .rodata        0x10015140       0x40 c:/program files (x86)/atmel/studio/7.0/toolchain/arm/arm-gnu-toolchain/bin/../lib/gcc/arm-none-eabi/5.3.1/armv6-m\libgcc.a(mulsf3.o)
 .rodata        0x10015180       0x40 c:/program files (x86)/atmel/studio/7.0/toolchain/arm/arm-gnu-toolchain/bin/../lib/gcc/arm-none-eabi/5.3.1/armv6-m\libgcc.a(divdf3.o)
 .rodata        0x100151c0       0x40 c:/program files (x86)/atmel/studio/7.0/toolchain/arm/arm-gnu-toolchain/bin/../lib/gcc/arm-none-eabi/5.3.1/armv6-m\libgcc.a(muldf3.o)
 .rodata.str1.1
                0x10015200        0x2 c:/program files (x86)/atmel/studio/7.0/toolchain/arm/arm-gnu-toolchain/bin/../lib/gcc/arm-none-eabi/5.3.1/../../../../arm-none-eabi/lib/armv6-m\libc_nano.a(lib_a-impure.o)
 *fill*         0x10015202        0x2 
 .rodata._global_impure_ptr
                0x10015204        0x4 c:/program files (x86)/atmel/studio/7.0/toolchain/arm/arm-gnu-toolchain/bin/../lib/gcc/arm-none-eabi/5.3.1/../../../../arm-none-eabi/lib/armv6-m\libc_nano.a(lib_a-impure.o)
                0x10015204                _global_impure_ptr
 .rodata.str1.1
                0x10015208       0x25 c:/program files (x86)/atmel/studio/7.0/toolchain/arm/arm-gnu-toolchain/bin/../lib/gcc/arm-none-eabi/5.3.1/../../../../arm-none-eabi/lib/armv6-m\libc_nano.a(lib_a-utoa.o)
 *fill*         0x1001522d        0x3 
 .rodata.__sf_fake_stdin
                0x10015230       0x20 c:/program files (x86)/atmel/studio/7.0/toolchain/arm/arm-gnu-toolchain/bin/../lib/gcc/arm-none-eabi/5.3.1/../../../../arm-none-eabi/lib/armv6-m\libc_nano.a(lib_a-findfp.o)
                0x10015230                __sf_fake_stdin
 .rodata.__sf_fake_stdout
                0x10015250       0x20 c:/program files (x86)/atmel/studio/7.0/toolchain/arm/arm-gnu-toolchain/bin/../lib/gcc/arm-none-eabi/5.3.1/../../../../arm-none-eabi/lib/armv6-m\libc_nano.a(lib_a-findfp.o)
                0x10015250                __sf_fake_stdout
 .rodata.__sf_fake_stderr
                0x10015270       0x20 c:/program files (x86)/atmel/studio/7.0/toolchain/arm/arm-gnu-toolchain/bin/../lib/gcc/arm-none-eabi/5.3.1/../../../../arm-none-eabi/lib/armv6-m\libc_nano.a(lib_a-findfp.o)
                0x10015270                __sf_fake_stderr
 .rodata.str1.1
                0x10015290       0x11 c:/program files (x86)/atmel/studio/7.0/toolchain/arm/arm-gnu-toolchain/bin/../lib/gcc/arm-none-eabi/5.3.1/../../../../arm-none-eabi/lib/armv6-m\libc_nano.a(lib_a-nano-vfprintf.o)
 .rodata.str1.1
                0x100152a1       0x22 c:/program files (x86)/atmel/studio/7.0/toolchain/arm/arm-gnu-toolchain/bin/../lib/gcc/arm-none-eabi/5.3.1/../../../../arm-none-eabi/lib/armv6-m\libc_nano.a(lib_a-nano-vfprintf_i.o)
 *(.ARM.extab* .gnu.linkonce.armextab.*)
                0x100152c4                . = ALIGN (0x4)
 *fill*         0x100152c3        0x1 
 *(.init)
 .init          0x100152c4        0x4 c:/program files (x86)/atmel/studio/7.0/toolchain/arm/arm-gnu-toolchain/bin/../lib/gcc/arm-none-eabi/5.3.1/armv6-m/crti.o
                0x100152c4                _init
 .init          0x100152c8        0x8 c:/program files (x86)/atmel/studio/7.0/toolchain/arm/arm-gnu-toolchain/bin/../lib/gcc/arm-none-eabi/5.3.1/armv6-m/crtn.o
                0x100152d0                . = ALIGN (0x4)
                0x100152d0                __preinit_array_start = .
 *(.preinit_array)
                0x100152d0                __preinit_array_end = .
                0x100152d0                . = ALIGN (0x4)
                0x100152d0                __init_array_start = .
 *(SORT(.init_array.*))
 *(.init_array)
 .init_array    0x100152d0        0x4 c:/program files (x86)/atmel/studio/7.0/toolchain/arm/arm-gnu-toolchain/bin/../lib/gcc/arm-none-eabi/5.3.1/armv6-m/crtbegin.o
                0x100152d4                __init_array_end = .
                0x100152d4                . = ALIGN (0x4)
 *crtbegin.o(.ctors)
 *(EXCLUDE_FILE(*crtend.o) .ctors)
 *(SORT(.ctors.*))
 *crtend.o(.ctors)
                0x100152d4                . = ALIGN (0x4)
 *(.fini)
 .fini          0x100152d4        0x4 c:/program files (x86)/atmel/studio/7.0/toolchain/arm/arm-gnu-toolchain/bin/../lib/gcc/arm-none-eabi/5.3.1/armv6-m/crti.o
                0x100152d4                _fini
 .fini          0x100152d8        0x8 c:/program files (x86)/atmel/studio/7.0/toolchain/arm/arm-gnu-toolchain/bin/../lib/gcc/arm-none-eabi/5.3.1/armv6-m/crtn.o
                0x100152e0                . = ALIGN (0x4)
                0x100152e0                __fini_array_start = .
 *(.fini_array)
 .fini_array    0x100152e0        0x4 c:/program files (x86)/atmel/studio/7.0/toolchain/arm/arm-gnu-toolchain/bin/../lib/gcc/arm-none-eabi/5.3.1/armv6-m/crtbegin.o
 *(SORT(.fini_array.*))
                0x100152e4                __fini_array_end = .
 *crtbegin.o(.dtors)
 *(EXCLUDE_FILE(*crtend.o) .dtors)
 *(SORT(.dtors.*))
 *crtend.o(.dtors)
                0x100152e4                . = ALIGN (0x4)
                0x100152e4                _efixed = .

.vfp11_veneer   0x100152e4        0x0
 .vfp11_veneer  0x100152e4        0x0 linker stubs

.v4_bx          0x100152e4        0x0
 .v4_bx         0x100152e4        0x0 linker stubs

.iplt           0x100152e4        0x0
 .iplt          0x100152e4        0x0 c:/program files (x86)/atmel/studio/7.0/toolchain/arm/arm-gnu-toolchain/bin/../lib/gcc/arm-none-eabi/5.3.1/armv6-m/crtbegin.o

.eh_frame       0x100152e4        0x0
 .eh_frame      0x100152e4        0x0 c:/program files (x86)/atmel/studio/7.0/toolchain/arm/arm-gnu-toolchain/bin/../lib/gcc/arm-none-eabi/5.3.1/armv6-m/crtbegin.o

.rel.dyn        0x100152e4        0x0
 .rel.iplt      0x100152e4        0x0 c:/program files (x86)/atmel/studio/7.0/toolchain/arm/arm-gnu-toolchain/bin/../lib/gcc/arm-none-eabi/5.3.1/armv6-m/crtbegin.o

.jcr            0x100152e4        0x0
 .jcr           0x100152e4        0x0 c:/program files (x86)/atmel/studio/7.0/toolchain/arm/arm-gnu-toolchain/bin/../lib/gcc/arm-none-eabi/5.3.1/armv6-m/crtbegin.o

.igot.plt       0x100152e4        0x0
 .igot.plt      0x100152e4        0x0 c:/program files (x86)/atmel/studio/7.0/toolchain/arm/arm-gnu-toolchain/bin/../lib/gcc/arm-none-eabi/5.3.1/armv6-m/crtbegin.o
                0x100152e4                . = ALIGN (0x4)
                0x100152e4                _etext = .

.relocate       0x100152e4       0x80
                0x100152e4                . = ALIGN (0x4)
                0x100152e4                _srelocate = .
 *(.ramfunc .ramfunc.*)
 *(.data .data.*)
 .data._dma_inst
                0x100152e4        0xc src/ASF/sam0/drivers/dma/dma_sam_b.o
                0x100152e4                _dma_inst
 .data.app_exec
                0x100152f0        0x1 src/csc_app.o
                0x100152f0                app_exec
 *fill*         0x100152f1        0x1 
 .data.send_length
                0x100152f2        0x2 src/csc_app.o
                0x100152f2                send_length
 .data.l2cap_avail_buffers
                0x100152f4        0x1 ../src/ASF/thirdparty/wireless/ble_smart_sdk/lib/cm0/gcc\libblusdk.a(l2cc_task.o)
                0x100152f4                l2cap_avail_buffers
 *fill*         0x100152f5        0x3 
 .data.dummy_buffer
                0x100152f8        0x4 ../src/ASF/thirdparty/wireless/ble_smart_sdk/lib/cm0/gcc\libblusdk.a(interface.o)
                0x100152f8                dummy_buffer
 .data.__fdlib_version
                0x100152fc        0x1 c:/program files (x86)/atmel/studio/7.0/toolchain/arm/arm-gnu-toolchain/bin/../lib/gcc/arm-none-eabi/5.3.1/../../../../arm-none-eabi/lib/armv6-m\libm.a(lib_a-s_lib_ver.o)
                0x100152fc                __fdlib_version
 *fill*         0x100152fd        0x3 
 .data.impure_data
                0x10015300       0x60 c:/program files (x86)/atmel/studio/7.0/toolchain/arm/arm-gnu-toolchain/bin/../lib/gcc/arm-none-eabi/5.3.1/../../../../arm-none-eabi/lib/armv6-m\libc_nano.a(lib_a-impure.o)
 .data._impure_ptr
                0x10015360        0x4 c:/program files (x86)/atmel/studio/7.0/toolchain/arm/arm-gnu-toolchain/bin/../lib/gcc/arm-none-eabi/5.3.1/../../../../arm-none-eabi/lib/armv6-m\libc_nano.a(lib_a-impure.o)
                0x10015360                _impure_ptr
                0x10015364                . = ALIGN (0x4)
                0x10015364                _erelocate = .

.bss            0x10015364     0x31c4
                0x10015364                . = ALIGN (0x4)
                0x10015364                _sbss = .
                0x10015364                _szero = .
 *(.bss .bss.*)
 .bss           0x10015364       0x1c c:/program files (x86)/atmel/studio/7.0/toolchain/arm/arm-gnu-toolchain/bin/../lib/gcc/arm-none-eabi/5.3.1/armv6-m/crtbegin.o
 .bss._dma_active_resource
                0x10015380       0x14 src/ASF/sam0/drivers/dma/dma_sam_b.o
 .bss.heap.5286
                0x10015394        0x4 src/ASF/sam0/utils/syscalls/gcc/syscalls.o
 .bss.event_pool_memory
                0x10015398      0x400 src/ASF/thirdparty/wireless/ble_smart_sdk/ble_services/ble_mgr/ble_manager.o
                0x10015398                event_pool_memory
 .bss.att_db_data
                0x10015798      0x4e0 src/ASF/thirdparty/wireless/ble_smart_sdk/ble_services/ble_mgr/ble_manager.o
                0x10015798                att_db_data
 .bss.ble_user_event_cb
                0x10015c78        0x4 src/ASF/thirdparty/wireless/ble_smart_sdk/ble_services/ble_mgr/ble_manager.o
                0x10015c78                ble_user_event_cb
 .bss.scan_response_count
                0x10015c7c        0x1 src/ASF/thirdparty/wireless/ble_smart_sdk/ble_services/ble_mgr/ble_manager.o
                0x10015c7c                scan_response_count
 *fill*         0x10015c7d        0x3 
 .bss.ble_peripheral_dev_address
                0x10015c80        0x7 src/ASF/thirdparty/wireless/ble_smart_sdk/ble_services/ble_mgr/ble_manager.o
 *fill*         0x10015c87        0x1 
 .bss.event_params_memory
                0x10015c88     0x1000 src/ASF/thirdparty/wireless/ble_smart_sdk/ble_services/ble_mgr/ble_manager.o
                0x10015c88                event_params_memory
 .bss.tick      0x10016c88        0x4 src/ASF/thirdparty/wireless/ble_smart_sdk/services/uart/console_serial.o
                0x10016c88                tick
 .bss.read_status
                0x10016c8c        0x1 src/ASF/thirdparty/wireless/ble_smart_sdk/services/uart/console_serial.o
                0x10016c8c                read_status
 *fill*         0x10016c8d        0x3 
 .bss.string_input
                0x10016c90        0x1 src/ASF/thirdparty/wireless/ble_smart_sdk/services/uart/console_serial.o
                0x10016c90                string_input
 *fill*         0x10016c91        0x3 
 .bss.user_callback_func
                0x10016c94        0x4 src/ASF/thirdparty/wireless/ble_smart_sdk/services/uart/console_serial.o
                0x10016c94                user_callback_func
 .bss.platform_event_pending_list
                0x10016c98        0x4 src/ASF/thirdparty/wireless/ble_smart_sdk/src/event_handler.o
 .bss.platform_event_free_list
                0x10016c9c        0x4 src/ASF/thirdparty/wireless/ble_smart_sdk/src/event_handler.o
 .bss.platform_event_pool
                0x10016ca0       0x78 src/ASF/thirdparty/wireless/ble_smart_sdk/src/event_handler.o
 .bss.ke_free   0x10016d18        0x4 src/ASF/thirdparty/wireless/ble_smart_sdk/src/platform_drv.o
 .bss.gapm_get_id_from_task
                0x10016d1c        0x4 src/ASF/thirdparty/wireless/ble_smart_sdk/src/platform_drv.o
 .bss.gapm_get_task_from_id
                0x10016d20        0x4 src/ASF/thirdparty/wireless/ble_smart_sdk/src/platform_drv.o
 .bss.rcv_msg.12904
                0x10016d24        0x4 src/ASF/thirdparty/wireless/ble_smart_sdk/src/platform_drv.o
 .bss.os_sem_up
                0x10016d28        0x4 src/ASF/thirdparty/wireless/ble_smart_sdk/src/platform_drv.o
 .bss.pwr_wait_BLE_out_of_reset
                0x10016d2c        0x4 src/ASF/thirdparty/wireless/ble_smart_sdk/src/platform_drv.o
 .bss.platform_initialized
                0x10016d30        0x1 src/ASF/thirdparty/wireless/ble_smart_sdk/src/platform_drv.o
                0x10016d30                platform_initialized
 *fill*         0x10016d31        0x3 
 .bss.pwr_disable_arm_wakeup
                0x10016d34        0x4 src/ASF/thirdparty/wireless/ble_smart_sdk/src/platform_drv.o
 .bss.gstrFwSem
                0x10016d38        0x4 src/ASF/thirdparty/wireless/ble_smart_sdk/src/platform_drv.o
 .bss.os_sem_down
                0x10016d3c        0x4 src/ASF/thirdparty/wireless/ble_smart_sdk/src/platform_drv.o
 .bss.pwr_enable_arm_wakeup
                0x10016d40        0x4 src/ASF/thirdparty/wireless/ble_smart_sdk/src/platform_drv.o
 .bss.NMI_MsgQueueRecv
                0x10016d44        0x4 src/ASF/thirdparty/wireless/ble_smart_sdk/src/platform_drv.o
 .bss.ke_msg_send
                0x10016d48        0x4 src/ASF/thirdparty/wireless/ble_smart_sdk/src/platform_drv.o
 .bss.ke_msg_hdr.12905