Archive member included because of file (symbol)

c:/siliconlabs/simplicitystudio/v3/developer/toolchains/gnu_arm/4.8_2013q4/bin/../lib/gcc/arm-none-eabi/4.8.3/armv7-m\libgcc.a(_arm_addsubsf3.o)
                              ./src/main.o (__aeabi_fsub)
c:/siliconlabs/simplicitystudio/v3/developer/toolchains/gnu_arm/4.8_2013q4/bin/../lib/gcc/arm-none-eabi/4.8.3/armv7-m\libgcc.a(_arm_muldivsf3.o)
                              ./src/main.o (__aeabi_fmul)
c:/siliconlabs/simplicitystudio/v3/developer/toolchains/gnu_arm/4.8_2013q4/bin/../lib/gcc/arm-none-eabi/4.8.3/armv7-m\libgcc.a(_arm_cmpsf2.o)
                              ./src/main.o (__aeabi_fcmplt)
c:/siliconlabs/simplicitystudio/v3/developer/toolchains/gnu_arm/4.8_2013q4/bin/../lib/gcc/arm-none-eabi/4.8.3/armv7-m\libgcc.a(_arm_fixsfsi.o)
                              ./src/main.o (__aeabi_f2iz)
c:/siliconlabs/simplicitystudio/v3/developer/toolchains/gnu_arm/4.8_2013q4/bin/../lib/gcc/arm-none-eabi/4.8.3/armv7-m\libgcc.a(_aeabi_uldivmod.o)
                              ./emlib/em_usart.o (__aeabi_uldivmod)
c:/siliconlabs/simplicitystudio/v3/developer/toolchains/gnu_arm/4.8_2013q4/bin/../lib/gcc/arm-none-eabi/4.8.3/armv7-m\libgcc.a(bpabi.o)
                              c:/siliconlabs/simplicitystudio/v3/developer/toolchains/gnu_arm/4.8_2013q4/bin/../lib/gcc/arm-none-eabi/4.8.3/armv7-m\libgcc.a(_aeabi_uldivmod.o) (__gnu_uldivmod_helper)
c:/siliconlabs/simplicitystudio/v3/developer/toolchains/gnu_arm/4.8_2013q4/bin/../lib/gcc/arm-none-eabi/4.8.3/armv7-m\libgcc.a(_dvmd_tls.o)
                              c:/siliconlabs/simplicitystudio/v3/developer/toolchains/gnu_arm/4.8_2013q4/bin/../lib/gcc/arm-none-eabi/4.8.3/armv7-m\libgcc.a(_aeabi_uldivmod.o) (__aeabi_ldiv0)
c:/siliconlabs/simplicitystudio/v3/developer/toolchains/gnu_arm/4.8_2013q4/bin/../lib/gcc/arm-none-eabi/4.8.3/armv7-m\libgcc.a(_divdi3.o)
                              c:/siliconlabs/simplicitystudio/v3/developer/toolchains/gnu_arm/4.8_2013q4/bin/../lib/gcc/arm-none-eabi/4.8.3/armv7-m\libgcc.a(bpabi.o) (__divdi3)
c:/siliconlabs/simplicitystudio/v3/developer/toolchains/gnu_arm/4.8_2013q4/bin/../lib/gcc/arm-none-eabi/4.8.3/armv7-m\libgcc.a(_udivdi3.o)
                              c:/siliconlabs/simplicitystudio/v3/developer/toolchains/gnu_arm/4.8_2013q4/bin/../lib/gcc/arm-none-eabi/4.8.3/armv7-m\libgcc.a(bpabi.o) (__udivdi3)
c:/siliconlabs/simplicitystudio/v3/developer/toolchains/gnu_arm/4.8_2013q4/bin/../lib/gcc/arm-none-eabi/4.8.3/../../../../arm-none-eabi/lib/armv7-m\libc_s.a(lib_a-abs.o)
                              ./src/segmentlcd.o (abs)
c:/siliconlabs/simplicitystudio/v3/developer/toolchains/gnu_arm/4.8_2013q4/bin/../lib/gcc/arm-none-eabi/4.8.3/../../../../arm-none-eabi/lib/armv7-m\libc_s.a(lib_a-exit.o)
                              c:/siliconlabs/simplicitystudio/v3/developer/toolchains/gnu_arm/4.8_2013q4/bin/../lib/gcc/arm-none-eabi/4.8.3/../../../../arm-none-eabi/lib/armv7-m/crt0.o (exit)
c:/siliconlabs/simplicitystudio/v3/developer/toolchains/gnu_arm/4.8_2013q4/bin/../lib/gcc/arm-none-eabi/4.8.3/../../../../arm-none-eabi/lib/armv7-m\libc_s.a(lib_a-impure.o)
                              c:/siliconlabs/simplicitystudio/v3/developer/toolchains/gnu_arm/4.8_2013q4/bin/../lib/gcc/arm-none-eabi/4.8.3/../../../../arm-none-eabi/lib/armv7-m\libc_s.a(lib_a-exit.o) (_global_impure_ptr)
c:/siliconlabs/simplicitystudio/v3/developer/toolchains/gnu_arm/4.8_2013q4/bin/../lib/gcc/arm-none-eabi/4.8.3/../../../../arm-none-eabi/lib/armv7-m\libc_s.a(lib_a-init.o)
                              c:/siliconlabs/simplicitystudio/v3/developer/toolchains/gnu_arm/4.8_2013q4/bin/../lib/gcc/arm-none-eabi/4.8.3/../../../../arm-none-eabi/lib/armv7-m/crt0.o (__libc_init_array)
c:/siliconlabs/simplicitystudio/v3/developer/toolchains/gnu_arm/4.8_2013q4/bin/../lib/gcc/arm-none-eabi/4.8.3/../../../../arm-none-eabi/lib/armv7-m\libc_s.a(lib_a-malloc.o)
                              ./src/circBuffer.o (malloc)
c:/siliconlabs/simplicitystudio/v3/developer/toolchains/gnu_arm/4.8_2013q4/bin/../lib/gcc/arm-none-eabi/4.8.3/../../../../arm-none-eabi/lib/armv7-m\libc_s.a(lib_a-memcpy-stub.o)
                              ./src/circBuffer.o (memcpy)
c:/siliconlabs/simplicitystudio/v3/developer/toolchains/gnu_arm/4.8_2013q4/bin/../lib/gcc/arm-none-eabi/4.8.3/../../../../arm-none-eabi/lib/armv7-m\libc_s.a(lib_a-memset.o)
                              c:/siliconlabs/simplicitystudio/v3/developer/toolchains/gnu_arm/4.8_2013q4/bin/../lib/gcc/arm-none-eabi/4.8.3/../../../../arm-none-eabi/lib/armv7-m/crt0.o (memset)
c:/siliconlabs/simplicitystudio/v3/developer/toolchains/gnu_arm/4.8_2013q4/bin/../lib/gcc/arm-none-eabi/4.8.3/../../../../arm-none-eabi/lib/armv7-m\libc_s.a(lib_a-nano-freer.o)
                              c:/siliconlabs/simplicitystudio/v3/developer/toolchains/gnu_arm/4.8_2013q4/bin/../lib/gcc/arm-none-eabi/4.8.3/../../../../arm-none-eabi/lib/armv7-m\libc_s.a(lib_a-malloc.o) (_free_r)
[...]
Memory Configuration

Name             Origin             Length             Attributes
FLASH            0x00000000         0x00040000         xr
RAM              0x20000000         0x00008000         xrw
*default*        0x00000000         0xffffffff

Linker script and memory map

LOAD c:/siliconlabs/simplicitystudio/v3/developer/toolchains/gnu_arm/4.8_2013q4/bin/../lib/gcc/arm-none-eabi/4.8.3/armv7-m/crti.o
LOAD c:/siliconlabs/simplicitystudio/v3/developer/toolchains/gnu_arm/4.8_2013q4/bin/../lib/gcc/arm-none-eabi/4.8.3/armv7-m/crtbegin.o
LOAD c:/siliconlabs/simplicitystudio/v3/developer/toolchains/gnu_arm/4.8_2013q4/bin/../lib/gcc/arm-none-eabi/4.8.3/../../../../arm-none-eabi/lib/armv7-m/crt0.o
LOAD ./src/InitDevice.o
LOAD ./src/acmp.o
LOAD ./src/adc.o
LOAD ./src/circBuffer.o
LOAD ./src/dma_leuart.o
LOAD ./src/dmactrl.o
LOAD ./src/i2c.o
LOAD ./src/letimer_gpio_clock.o
LOAD ./src/leuart.o
LOAD ./src/main.o
LOAD ./src/segmentlcd.o
LOAD ./src/self_calibration.o
LOAD ./src/sleep.o
LOAD ./emlib/em_acmp.o
LOAD ./emlib/em_adc.o
LOAD ./emlib/em_aes.o
LOAD ./emlib/em_assert.o
LOAD ./emlib/em_burtc.o
LOAD ./emlib/em_cmu.o
LOAD ./emlib/em_cryotimer.o
LOAD ./emlib/em_crypto.o
LOAD ./emlib/em_dac.o
LOAD ./emlib/em_dbg.o
LOAD ./emlib/em_dma.o
LOAD ./emlib/em_ebi.o
LOAD ./emlib/em_emu.o
LOAD ./emlib/em_gpcrc.o
LOAD ./emlib/em_gpio.o
LOAD ./emlib/em_i2c.o
LOAD ./emlib/em_idac.o
LOAD ./emlib/em_int.o
LOAD ./emlib/em_lcd.o
LOAD ./emlib/em_ldma.o
LOAD ./emlib/em_lesense.o
LOAD ./emlib/em_letimer.o
LOAD ./emlib/em_leuart.o
LOAD ./emlib/em_mpu.o
LOAD ./emlib/em_msc.o
LOAD ./emlib/em_opamp.o
LOAD ./emlib/em_pcnt.o
LOAD ./emlib/em_prs.o
LOAD ./emlib/em_rmu.o
LOAD ./emlib/em_rtc.o
LOAD ./emlib/em_rtcc.o
LOAD ./emlib/em_system.o
LOAD ./emlib/em_timer.o
LOAD ./emlib/em_usart.o
LOAD ./emlib/em_vcmp.o
LOAD ./emlib/em_wdog.o
LOAD ./CMSIS/efm32lg/startup_gcc_efm32lg.o
LOAD ./CMSIS/efm32lg/system_efm32lg.o
START GROUP
LOAD c:/siliconlabs/simplicitystudio/v3/developer/toolchains/gnu_arm/4.8_2013q4/bin/../lib/gcc/arm-none-eabi/4.8.3/armv7-m\libgcc.a
LOAD c:/siliconlabs/simplicitystudio/v3/developer/toolchains/gnu_arm/4.8_2013q4/bin/../lib/gcc/arm-none-eabi/4.8.3/../../../../arm-none-eabi/lib/armv7-m\libc_s.a
LOAD c:/siliconlabs/simplicitystudio/v3/developer/toolchains/gnu_arm/4.8_2013q4/bin/../lib/gcc/arm-none-eabi/4.8.3/../../../../arm-none-eabi/lib/armv7-m\libnosys.a
END GROUP
START GROUP
LOAD c:/siliconlabs/simplicitystudio/v3/developer/toolchains/gnu_arm/4.8_2013q4/bin/../lib/gcc/arm-none-eabi/4.8.3/armv7-m\libgcc.a
LOAD c:/siliconlabs/simplicitystudio/v3/developer/toolchains/gnu_arm/4.8_2013q4/bin/../lib/gcc/arm-none-eabi/4.8.3/../../../../arm-none-eabi/lib/armv7-m\libg_s.a
LOAD c:/siliconlabs/simplicitystudio/v3/developer/toolchains/gnu_arm/4.8_2013q4/bin/../lib/gcc/arm-none-eabi/4.8.3/../../../../arm-none-eabi/lib/armv7-m\libc_s.a
END GROUP
START GROUP
LOAD c:/siliconlabs/simplicitystudio/v3/developer/toolchains/gnu_arm/4.8_2013q4/bin/../lib/gcc/arm-none-eabi/4.8.3/armv7-m\libgcc.a
LOAD c:/siliconlabs/simplicitystudio/v3/developer/toolchains/gnu_arm/4.8_2013q4/bin/../lib/gcc/arm-none-eabi/4.8.3/../../../../arm-none-eabi/lib/armv7-m\libc_s.a
END GROUP
LOAD c:/siliconlabs/simplicitystudio/v3/developer/toolchains/gnu_arm/4.8_2013q4/bin/../lib/gcc/arm-none-eabi/4.8.3/armv7-m/crtend.o
LOAD c:/siliconlabs/simplicitystudio/v3/developer/toolchains/gnu_arm/4.8_2013q4/bin/../lib/gcc/arm-none-eabi/4.8.3/armv7-m/crtn.o

.text           0x00000000     0x514c
 *(.vectors)
 .vectors       0x00000000       0xe0 ./CMSIS/efm32lg/startup_gcc_efm32lg.o
                0x00000000                __Vectors
                0x000000e0                __Vectors_End = .
                0x000000e0                __Vectors_Size = (__Vectors_End - __Vectors)
                0x000000e0                __end__ = .
 *(.text*)
 .text          0x000000e0       0x54 c:/siliconlabs/simplicitystudio/v3/developer/toolchains/gnu_arm/4.8_2013q4/bin/../lib/gcc/arm-none-eabi/4.8.3/armv7-m/crtbegin.o
 .text          0x00000134       0x74 c:/siliconlabs/simplicitystudio/v3/developer/toolchains/gnu_arm/4.8_2013q4/bin/../lib/gcc/arm-none-eabi/4.8.3/../../../../arm-none-eabi/lib/armv7-m/crt0.o
                0x00000134                _start
                0x00000134                _mainCRTStartup
 .text.ACMP_Config
                0x000001a8       0x60 ./src/acmp.o
                0x000001a8                ACMP_Config
 .text.adc_config
                0x00000208       0xa8 ./src/adc.o
                0x00000208                adc_config
 .text.cbuffer_init
                0x000002b0       0x58 ./src/circBuffer.o
                0x000002b0                cbuffer_init
 .text.cbuffer_add
                0x00000308       0x68 ./src/circBuffer.o
                0x00000308                cbuffer_add
 .text.cbuffer_remove
                0x00000370       0x60 ./src/circBuffer.o
                0x00000370                cbuffer_remove
 .text.LEUART0dmaTransferDone
                0x000003d0       0x28 ./src/dma_leuart.o
                0x000003d0                LEUART0dmaTransferDone
 .text.dma_leuart0_init
                0x000003f8       0x74 ./src/dma_leuart.o
                0x000003f8                dma_leuart0_init
 .text.GPIO_IntClear
                0x0000046c       0x20 ./src/i2c.o
 .text.GPIO_IntGet
                0x0000048c       0x18 ./src/i2c.o
 .text.GPIO_PinOutClear
                0x000004a4       0x58 ./src/i2c.o
 .text.GPIO_PinOutSet
                0x000004fc       0x58 ./src/i2c.o
 .text.INT_Disable
                0x00000554       0x2c ./src/i2c.o
 .text.INT_Enable
                0x00000580       0x3c ./src/i2c.o
 .text.i2c_WriteByte
                0x000005bc       0x50 ./src/i2c.o
                0x000005bc                i2c_WriteByte
 .text.i2c_ReadByte
                0x0000060c       0x70 ./src/i2c.o
                0x0000060c                i2c_ReadByte
 .text.GPIO_ODD_IRQHandler
                0x0000067c       0xbc ./src/i2c.o
                0x0000067c                GPIO_ODD_IRQHandler
 .text.i2c_config
                0x00000738       0x60 ./src/i2c.o
                0x00000738                i2c_config
 .text.Letimer_clock
                0x00000798       0x44 ./src/letimer_gpio_clock.o
                0x00000798                Letimer_clock
 .text.Gpio_clock_config
                0x000007dc       0x84 ./src/letimer_gpio_clock.o
                0x000007dc                Gpio_clock_config
 .text.NVIC_EnableIRQ
                0x00000860       0x30 ./src/leuart.o
 .text.LEUART_IntClear
                0x00000890       0x1c ./src/leuart.o
 .text.LEUART_IntGet
                0x000008ac       0x18 ./src/leuart.o
 .text.LEUART0_IRQHandler
                0x000008c4       0x24 ./src/leuart.o
                0x000008c4                LEUART0_IRQHandler
 .text.leuart_init
                0x000008e8       0xa0 ./src/leuart.o
                0x000008e8                leuart_init
 .text.NVIC_EnableIRQ
                0x00000988       0x30 ./src/main.o
 .text.GPIO_PinOutClear
                0x000009b8       0x58 ./src/main.o
 .text.GPIO_PinOutSet
                0x00000a10       0x58 ./src/main.o
 .text.CHIP_Init
                0x00000a68       0x40 ./src/main.o
 .text.LETIMER_IntClear
                0x00000aa8       0x1c ./src/main.o
 .text.LETIMER_IntEnable
                0x00000ac4       0x20 ./src/main.o
 .text.LETIMER_IntGet
                0x00000ae4       0x18 ./src/main.o
 .text.ADC_DataSingleGet
                0x00000afc       0x18 ./src/main.o
 .text.ADC_IntClear
                0x00000b14       0x1c ./src/main.o
 .text.ADC_IntGet
                0x00000b30       0x18 ./src/main.o
 .text.ADC_Start
                0x00000b48       0x1c ./src/main.o
 .text.sendUartCircBuff
                0x00000b64       0x68 ./src/main.o
                0x00000b64                sendUartCircBuff
 .text.sendTempToSamB11
                0x00000bcc       0x80 ./src/main.o
                0x00000bcc                sendTempToSamB11
 .text.convertCelsius
                0x00000c4c       0x6c ./src/main.o
                0x00000c4c                convertCelsius
 .text.ADCdmaTransferDone
                0x00000cb8       0x90 ./src/main.o
                0x00000cb8                ADCdmaTransferDone
 .text.dma_config
                0x00000d48       0x8c ./src/main.o
                0x00000d48                dma_config
 .text.TempLed1_Control
                0x00000dd4       0x48 ./src/main.o
                0x00000dd4                TempLed1_Control
 .text.ADC0_IRQHandler
                0x00000e1c       0xb0 ./src/main.o
                0x00000e1c                ADC0_IRQHandler
 .text.LETIMER0_IRQHandler
                0x00000ecc      0x14c ./src/main.o
                0x00000ecc                LETIMER0_IRQHandler
 .text.LETIMER_Config
                0x00001018       0x78 ./src/main.o
                0x00001018                LETIMER_Config
 .text.main     0x00001090       0x7c ./src/main.o
                0x00001090                main
 .text.LCD_FreezeEnable
                0x0000110c       0x2c ./src/segmentlcd.o
 .text.LCD_SyncBusyDelay
                0x00001138       0x24 ./src/segmentlcd.o
 .text.LCD_IntDisable
                0x0000115c       0x24 ./src/segmentlcd.o
 .text.SegmentLCD_AllOff
                0x00001180       0xac ./src/segmentlcd.o
                0x00001180                SegmentLCD_AllOff
 .text.SegmentLCD_AlphaNumberOff
                0x0000122c       0xa8 ./src/segmentlcd.o
                0x0000122c                SegmentLCD_AlphaNumberOff
 .text.SegmentLCD_Init
                0x000012d4       0xb8 ./src/segmentlcd.o
                0x000012d4                SegmentLCD_Init
 .text.SegmentLCD_Write
                0x0000138c       0xd8 ./src/segmentlcd.o
                0x0000138c                SegmentLCD_Write
 .text.EMU_EnterEM1
                0x00001464       0x20 ./src/sleep.o
 .text.INT_Disable
                0x00001484       0x2c ./src/sleep.o
 .text.INT_Enable
                0x000014b0       0x3c ./src/sleep.o
 .text.sleep    0x000014ec       0x48 ./src/sleep.o
                0x000014ec                sleep
 .text.blockSleepMode
                0x00001534       0x2c ./src/sleep.o
                0x00001534                blockSleepMode
 .text.unblockSleepMode
                0x00001560       0x38 ./src/sleep.o
                0x00001560                unblockSleepMode
 .text.BUS_RegBitWrite
                0x00001598       0x2c ./emlib/em_acmp.o
 .text.ACMP_Disable
                0x000015c4       0x38 ./emlib/em_acmp.o
                0x000015c4                ACMP_Disable
 .text.ACMP_Enable
                0x000015fc       0x38 ./emlib/em_acmp.o
                0x000015fc                ACMP_Enable
 .text.ACMP_ChannelSet
                0x00001634       0x4c ./emlib/em_acmp.o
                0x00001634                ACMP_ChannelSet
 .text.ACMP_Init
                0x00001680       0xa0 ./emlib/em_acmp.o
                0x00001680                ACMP_Init
 .text.ADC_LoadDevinfoCal
                0x00001720      0x120 ./emlib/em_adc.o
 .text.ADC_Init
                0x00001840       0x88 ./emlib/em_adc.o
                0x00001840                ADC_Init
 .text.ADC_InitSingle
                0x000018c8       0x98 ./emlib/em_adc.o
                0x000018c8                ADC_InitSingle
 .text.ADC_PrescaleCalc
                0x00001960       0x64 ./emlib/em_adc.o
                0x00001960                ADC_PrescaleCalc
 .text.ADC_TimebaseCalc
                0x000019c4       0x60 ./emlib/em_adc.o
                0x000019c4                ADC_TimebaseCalc
 .text.BUS_RegBitWrite
                0x00001a24       0x2c ./emlib/em_cmu.o
 .text.BUS_RegBitRead
                0x00001a50       0x2c ./emlib/em_cmu.o
 .text.CMU_DivToLog2
                0x00001a7c       0x34 ./emlib/em_cmu.o
 .text.SYSTEM_GetProdRev
                0x00001ab0       0x1c ./emlib/em_cmu.o
 .text.SYSTEM_GetFamily
                0x00001acc       0x20 ./emlib/em_cmu.o
 .text.maxFreqHfle
                0x00001aec       0x78 ./emlib/em_cmu.o
 .text.setHfLeConfig
                0x00001b64       0x3c ./emlib/em_cmu.o
 .text.getHfLeConfig
                0x00001ba0       0x2c ./emlib/em_cmu.o
 .text.auxClkGet
                0x00001bcc       0xb0 ./emlib/em_cmu.o
 .text.dbgClkGet
                0x00001c7c       0x40 ./emlib/em_cmu.o
 .text.flashWaitStateControl
                0x00001cbc       0xb8 ./emlib/em_cmu.o
 .text.flashWaitStateMax
                0x00001d74       0x14 ./emlib/em_cmu.o
 .text.lfClkGet
                0x00001d88       0xec ./emlib/em_cmu.o
 .text.syncReg  0x00001e74       0x34 ./emlib/em_cmu.o
 .text.usbCClkGet
                0x00001ea8       0x4c ./emlib/em_cmu.o
 .text.CMU_ClockDivSet
                0x00001ef4      0x230 ./emlib/em_cmu.o
                0x00001ef4                CMU_ClockDivSet
 .text.CMU_ClockEnable
                0x00002124       0xd8 ./emlib/em_cmu.o
                0x00002124                CMU_ClockEnable
 .text.CMU_ClockFreqGet
                0x000021fc      0x1d8 ./emlib/em_cmu.o
                0x000021fc                CMU_ClockFreqGet
 .text.CMU_ClockSelectGet
                0x000023d4      0x15c ./emlib/em_cmu.o
                0x000023d4                CMU_ClockSelectGet
 .text.CMU_ClockSelectSet
                0x00002530      0x2b8 ./emlib/em_cmu.o
                0x00002530                CMU_ClockSelectSet
 .text.CMU_LCDClkFDIVSet
                0x000027e8       0x3c ./emlib/em_cmu.o
                0x000027e8                CMU_LCDClkFDIVSet
 .text.CMU_OscillatorEnable
                0x00002824       0xc0 ./emlib/em_cmu.o
                0x00002824                CMU_OscillatorEnable
 .text.NVIC_EnableIRQ
                0x000028e4       0x30 ./emlib/em_dma.o
 .text.NVIC_DisableIRQ
                0x00002914       0x34 ./emlib/em_dma.o
 .text.NVIC_ClearPendingIRQ
                0x00002948       0x34 ./emlib/em_dma.o
 .text.BUS_RegBitWrite
                0x0000297c       0x2c ./emlib/em_dma.o
 .text.DMA_Prepare
                0x000029a8      0x108 ./emlib/em_dma.o
 .text.DMA_IRQHandler
                0x00002ab0       0xd8 ./emlib/em_dma.o
                0x00002ab0                DMA_IRQHandler
 .text.DMA_ActivateBasic
                0x00002b88       0x40 ./emlib/em_dma.o
                0x00002b88                DMA_ActivateBasic
 .text.DMA_CfgChannel
                0x00002bc8       0x90 ./emlib/em_dma.o
                0x00002bc8                DMA_CfgChannel
 .text.DMA_CfgDescr
                0x00002c58       0x70 ./emlib/em_dma.o
                0x00002c58                DMA_CfgDescr
 .text.DMA_Init
                0x00002cc8       0x54 ./emlib/em_dma.o
                0x00002cc8                DMA_Init
 .text.DMA_Reset
                0x00002d1c       0x88 ./emlib/em_dma.o
                0x00002d1c                DMA_Reset
 .text.SystemCoreClockUpdate
                0x00002da4        0xc ./emlib/em_emu.o
 .text.EMU_Unlock
                0x00002db0       0x18 ./emlib/em_emu.o
 .text.CMU_Lock
                0x00002dc8       0x18 ./emlib/em_emu.o
 .text.CMU_Unlock
                0x00002de0       0x1c ./emlib/em_emu.o
 .text.emuRestore
                0x00002dfc       0xf0 ./emlib/em_emu.o
 .text.getErrataFixEmuE107En
                0x00002eec       0x68 ./emlib/em_emu.o
 .text.EMU_EnterEM2
                0x00002f54       0x9c ./emlib/em_emu.o
                0x00002f54                EMU_EnterEM2
 .text.EMU_EnterEM3
                0x00002ff0       0xbc ./emlib/em_emu.o
                0x00002ff0                EMU_EnterEM3
 .text.EMU_EnterEM4
                0x000030ac       0x50 ./emlib/em_emu.o
                0x000030ac                EMU_EnterEM4
 .text.EMU_UpdateOscConfig
                0x000030fc       0x1c ./emlib/em_emu.o
                0x000030fc                EMU_UpdateOscConfig
 .text.GPIO_PinOutClear
                0x00003118       0x58 ./emlib/em_gpio.o
 .text.GPIO_PinOutSet
                0x00003170       0x58 ./emlib/em_gpio.o
 .text.GPIO_DriveModeSet
                0x000031c8       0x70 ./emlib/em_gpio.o
                0x000031c8                GPIO_DriveModeSet
 .text.GPIO_PinModeSet
                0x00003238      0x110 ./emlib/em_gpio.o
                0x00003238                GPIO_PinModeSet
 .text.BUS_RegBitWrite
                0x00003348       0x2c ./emlib/em_i2c.o
 .text.BUS_RegMaskedWrite
                0x00003374       0x28 ./emlib/em_i2c.o
 .text.I2C_BusFreqSet
                0x0000339c       0xfc ./emlib/em_i2c.o
                0x0000339c                I2C_BusFreqSet
 .text.I2C_Init
                0x00003498       0x78 ./emlib/em_i2c.o
                0x00003498                I2C_Init
 .text.I2C_Transfer
                0x00003510      0x44c ./emlib/em_i2c.o
                0x00003510                I2C_Transfer
 .text.I2C_TransferInit
                0x0000395c       0xe4 ./emlib/em_i2c.o
                0x0000395c                I2C_TransferInit
 .text.LCD_Enable
                0x00003a40       0x38 ./emlib/em_lcd.o
 .text.BUS_RegBitWrite
                0x00003a78       0x2c ./emlib/em_lcd.o
 .text.LCD_Init
                0x00003aa4       0x70 ./emlib/em_lcd.o
                0x00003aa4                LCD_Init
 .text.LCD_VLCDSelect
                0x00003b14       0x44 ./emlib/em_lcd.o
                0x00003b14                LCD_VLCDSelect
 .text.LCD_SegmentRangeEnable
                0x00003b58       0x40 ./emlib/em_lcd.o
                0x00003b58                LCD_SegmentRangeEnable
 .text.LCD_SegmentSet
                0x00003b98      0x1e4 ./emlib/em_lcd.o
                0x00003b98                LCD_SegmentSet
 .text.LCD_SegmentSetLow
                0x00003d7c      0x17c ./emlib/em_lcd.o
                0x00003d7c                LCD_SegmentSetLow
 .text.LCD_SegmentSetHigh
                0x00003ef8      0x17c ./emlib/em_lcd.o
                0x00003ef8                LCD_SegmentSetHigh
 .text.LCD_VBoostSet
                0x00004074       0x28 ./emlib/em_lcd.o
                0x00004074                LCD_VBoostSet
 .text.LETIMER_CompareSet
                0x0000409c       0x58 ./emlib/em_letimer.o
                0x0000409c                LETIMER_CompareSet
 .text.LETIMER_Init
                0x000040f4       0xec ./emlib/em_letimer.o
                0x000040f4                LETIMER_Init
 .text.LEUART_Sync
                0x000041e0       0x30 ./emlib/em_leuart.o
 .text.LEUART_BaudrateSet
                0x00004210       0x80 ./emlib/em_leuart.o
                0x00004210                LEUART_BaudrateSet
 .text.LEUART_Enable
                0x00004290       0x58 ./emlib/em_leuart.o
                0x00004290                LEUART_Enable
 .text.LEUART_FreezeEnable
                0x000042e8       0x34 ./emlib/em_leuart.o
                0x000042e8                LEUART_FreezeEnable
 .text.LEUART_Init
                0x0000431c       0x84 ./emlib/em_leuart.o
                0x0000431c                LEUART_Init
 .text.LEUART_Reset
                0x000043a0       0x70 ./emlib/em_leuart.o
                0x000043a0                LEUART_Reset
 .text.SYSTEM_ChipRevisionGet
                0x00004410       0x74 ./emlib/em_system.o
                0x00004410                SYSTEM_ChipRevisionGet
 .text          0x00004484       0x30 ./CMSIS/efm32lg/startup_gcc_efm32lg.o
                0x00004484                Reset_Handler
                0x000044b0                DebugMon_Handler
                0x000044b0                USART0_TX_IRQHandler
                0x000044b0                I2C0_IRQHandler
                0x000044b0                HardFault_Handler
                0x000044b0                LEUART1_IRQHandler
                0x000044b0                SysTick_Handler
                0x000044b0                USART1_RX_IRQHandler
                0x000044b0                PendSV_Handler
                0x000044b0                NMI_Handler
                0x000044b0                I2C1_IRQHandler
                0x000044b0                TIMER3_IRQHandler
                0x000044b0                USART1_TX_IRQHandler
                0x000044b0                MSC_IRQHandler
                0x000044b0                UsageFault_Handler
                0x000044b0                GPIO_EVEN_IRQHandler
                0x000044b0                UART0_TX_IRQHandler
                0x000044b0                UART1_TX_IRQHandler
                0x000044b0                RTC_IRQHandler
                0x000044b0                TIMER0_IRQHandler
                0x000044b0                TIMER2_IRQHandler
                0x000044b0                LCD_IRQHandler
                0x000044b0                PCNT2_IRQHandler
                0x000044b0                UART0_RX_IRQHandler
                0x000044b0                TIMER1_IRQHandler
                0x000044b0                USART2_RX_IRQHandler
                0x000044b0                Default_Handler
                0x000044b0                EMU_IRQHandler
                0x000044b0                PCNT0_IRQHandler
                0x000044b0                USB_IRQHandler
                0x000044b0                BURTC_IRQHandler
                0x000044b0                PCNT1_IRQHandler
                0x000044b0                ACMP0_IRQHandler
                0x000044b0                USART0_RX_IRQHandler
                0x000044b0                MemManage_Handler
                0x000044b0                SVC_Handler
                0x000044b0                DAC0_IRQHandler
                0x000044b0                UART1_RX_IRQHandler
                0x000044b0                CMU_IRQHandler
                0x000044b0                EBI_IRQHandler
                0x000044b0                LESENSE_IRQHandler
                0x000044b0                AES_IRQHandler
                0x000044b0                VCMP_IRQHandler
                0x000044b0                BusFault_Handler
                0x000044b0                USART2_TX_IRQHandler
 .text.GetProdRev
                0x000044b4       0x1c ./CMSIS/efm32lg/system_efm32lg.o
 .text.SystemCoreClockGet
                0x000044d0       0x34 ./CMSIS/efm32lg/system_efm32lg.o
                0x000044d0                SystemCoreClockGet
 .text.SystemMaxCoreClockGet
                0x00004504       0x14 ./CMSIS/efm32lg/system_efm32lg.o
                0x00004504                SystemMaxCoreClockGet
 .text.SystemHFClockGet
                0x00004518      0x100 ./CMSIS/efm32lg/system_efm32lg.o
                0x00004518                SystemHFClockGet
 .text.SystemHFXOClockGet
                0x00004618       0x18 ./CMSIS/efm32lg/system_efm32lg.o
                0x00004618                SystemHFXOClockGet
 .text.SystemInit
                0x00004630        0xc ./CMSIS/efm32lg/system_efm32lg.o
                0x00004630                SystemInit
 .text.SystemLFRCOClockGet
                0x0000463c       0x14 ./CMSIS/efm32lg/system_efm32lg.o
                0x0000463c                SystemLFRCOClockGet
 .text.SystemULFRCOClockGet
                0x00004650       0x14 ./CMSIS/efm32lg/system_efm32lg.o
                0x00004650                SystemULFRCOClockGet
 .text.SystemLFXOClockGet
                0x00004664       0x18 ./CMSIS/efm32lg/system_efm32lg.o
                0x00004664                SystemLFXOClockGet
 .text          0x0000467c      0x21c c:/siliconlabs/simplicitystudio/v3/developer/toolchains/gnu_arm/4.8_2013q4/bin/../lib/gcc/arm-none-eabi/4.8.3/armv7-m\libgcc.a(_arm_addsubsf3.o)
                0x0000467c                __aeabi_frsub
                0x00004684                __subsf3
                0x00004684                __aeabi_fsub
                0x00004688                __aeabi_fadd
                0x00004688                __addsf3
                0x000047e8                __aeabi_ui2f
                0x000047e8                __floatunsisf
                0x000047f0                __aeabi_i2f
                0x000047f0                __floatsisf
                0x0000480c                __aeabi_ul2f
                0x0000480c                __floatundisf
                0x0000481c                __aeabi_l2f
                0x0000481c                __floatdisf
 .text          0x00004898      0x2a0 c:/siliconlabs/simplicitystudio/v3/developer/toolchains/gnu_arm/4.8_2013q4/bin/../lib/gcc/arm-none-eabi/4.8.3/armv7-m\libgcc.a(_arm_muldivsf3.o)
                0x00004898                __mulsf3
                0x00004898                __aeabi_fmul
                0x00004a00                __aeabi_fdiv
                0x00004a00                __divsf3
 .text          0x00004b38       0xec c:/siliconlabs/simplicitystudio/v3/developer/toolchains/gnu_arm/4.8_2013q4/bin/../lib/gcc/arm-none-eabi/4.8.3/armv7-m\libgcc.a(_arm_cmpsf2.o)
                0x00004b38                __gesf2
                0x00004b38                __gtsf2
                0x00004b40                __lesf2
                0x00004b40                __ltsf2
                0x00004b48                __nesf2
                0x00004b48                __eqsf2
                0x00004b48                __cmpsf2
                0x00004ba8                __aeabi_cfrcmple
                0x00004bb0                __aeabi_cfcmpeq
                0x00004bb0                __aeabi_cfcmple
                0x00004bc0                __aeabi_fcmpeq
                0x00004bd4                __aeabi_fcmplt
                0x00004be8                __aeabi_fcmple
                0x00004bfc                __aeabi_fcmpge
                0x00004c10                __aeabi_fcmpgt
 .text          0x00004c24       0x4c c:/siliconlabs/simplicitystudio/v3/developer/toolchains/gnu_arm/4.8_2013q4/bin/../lib/gcc/arm-none-eabi/4.8.3/armv7-m\libgcc.a(_arm_fixsfsi.o)
                0x00004c24                __aeabi_f2iz
                0x00004c24                __fixsfsi
 .text.exit     0x00004c70       0x28 c:/siliconlabs/simplicitystudio/v3/developer/toolchains/gnu_arm/4.8_2013q4/bin/../lib/gcc/arm-none-eabi/4.8.3/../../../../arm-none-eabi/lib/armv7-m\libc_s.a(lib_a-exit.o)
                0x00004c70                exit
 .text.__libc_init_array
                0x00004c98       0x4c c:/siliconlabs/simplicitystudio/v3/developer/toolchains/gnu_arm/4.8_2013q4/bin/../lib/gcc/arm-none-eabi/4.8.3/../../../../arm-none-eabi/lib/armv7-m\libc_s.a(lib_a-init.o)
                0x00004c98                __libc_init_array
 .text.malloc   0x00004ce4       0x10 c:/siliconlabs/simplicitystudio/v3/developer/toolchains/gnu_arm/4.8_2013q4/bin/../lib/gcc/arm-none-eabi/4.8.3/../../../../arm-none-eabi/lib/armv7-m\libc_s.a(lib_a-malloc.o)
                0x00004ce4                malloc
 .text.memcpy   0x00004cf4       0x12 c:/siliconlabs/simplicitystudio/v3/developer/toolchains/gnu_arm/4.8_2013q4/bin/../lib/gcc/arm-none-eabi/4.8.3/../../../../arm-none-eabi/lib/armv7-m\libc_s.a(lib_a-memcpy-stub.o)
                0x00004cf4                memcpy
 .text.memset   0x00004d06       0x10 c:/siliconlabs/simplicitystudio/v3/developer/toolchains/gnu_arm/4.8_2013q4/bin/../lib/gcc/arm-none-eabi/4.8.3/../../../../arm-none-eabi/lib/armv7-m\libc_s.a(lib_a-memset.o)
                0x00004d06                memset
 *fill*         0x00004d16        0x2 
 .text._malloc_r
                0x00004d18       0xa8 c:/siliconlabs/simplicitystudio/v3/developer/toolchains/gnu_arm/4.8_2013q4/bin/../lib/gcc/arm-none-eabi/4.8.3/../../../../arm-none-eabi/lib/armv7-m\libc_s.a(lib_a-nano-mallocr.o)
                0x00004d18                _malloc_r
 .text._sbrk_r  0x00004dc0       0x20 c:/siliconlabs/simplicitystudio/v3/developer/toolchains/gnu_arm/4.8_2013q4/bin/../lib/gcc/arm-none-eabi/4.8.3/../../../../arm-none-eabi/lib/armv7-m\libc_s.a(lib_a-sbrkr.o)
                0x00004dc0                _sbrk_r
 .text.strlen   0x00004de0       0x10 c:/siliconlabs/simplicitystudio/v3/developer/toolchains/gnu_arm/4.8_2013q4/bin/../lib/gcc/arm-none-eabi/4.8.3/../../../../arm-none-eabi/lib/armv7-m\libc_s.a(lib_a-strlen.o)
                0x00004de0                strlen
 .text._sbrk    0x00004df0       0x34 c:/siliconlabs/simplicitystudio/v3/developer/toolchains/gnu_arm/4.8_2013q4/bin/../lib/gcc/arm-none-eabi/4.8.3/../../../../arm-none-eabi/lib/armv7-m\libnosys.a(sbrk.o)
                0x00004df0                _sbrk
 .text._exit    0x00004e24        0x4 c:/siliconlabs/simplicitystudio/v3/developer/toolchains/gnu_arm/4.8_2013q4/bin/../lib/gcc/arm-none-eabi/4.8.3/../../../../arm-none-eabi/lib/armv7-m\libnosys.a(_exit.o)
                0x00004e24                _exit
 *(.init)
 .init          0x00004e28        0x4 c:/siliconlabs/simplicitystudio/v3/developer/toolchains/gnu_arm/4.8_2013q4/bin/../lib/gcc/arm-none-eabi/4.8.3/armv7-m/crti.o
                0x00004e28                _init
 .init          0x00004e2c        0x8 c:/siliconlabs/simplicitystudio/v3/developer/toolchains/gnu_arm/4.8_2013q4/bin/../lib/gcc/arm-none-eabi/4.8.3/armv7-m/crtn.o
 *(.fini)
 .fini          0x00004e34        0x4 c:/siliconlabs/simplicitystudio/v3/developer/toolchains/gnu_arm/4.8_2013q4/bin/../lib/gcc/arm-none-eabi/4.8.3/armv7-m/crti.o
                0x00004e34                _fini
 .fini          0x00004e38        0x8 c:/siliconlabs/simplicitystudio/v3/developer/toolchains/gnu_arm/4.8_2013q4/bin/../lib/gcc/arm-none-eabi/4.8.3/armv7-m/crtn.o
 *crtbegin.o(.ctors)
 *crtbegin?.o(.ctors)
 *(EXCLUDE_FILE(*crtend.o *crtend?.o) .ctors)
 *(SORT(.ctors.*))
 *(.ctors)
 *crtbegin.o(.dtors)
 *crtbegin?.o(.dtors)
 *(EXCLUDE_FILE(*crtend.o *crtend?.o) .dtors)
 *(SORT(.dtors.*))
 *(.dtors)
 *(.rodata*)
 .rodata        0x00004e40       0x18 ./src/acmp.o
 .rodata        0x00004e58       0x10 ./src/i2c.o
 .rodata        0x00004e68        0x8 ./src/main.o
 .rodata.EFM_Display
                0x00004e70      0x200 ./src/segmentlcd.o
 .rodata.EFM_Alphabet
                0x00005070       0xb8 ./src/segmentlcd.o
 .rodata.lcdInit
                0x00005128       0x14 ./src/segmentlcd.o
 .rodata.i2cNSum
                0x0000513c        0x4 ./emlib/em_i2c.o
 .rodata.str1.1
                0x00005140        0x2 c:/siliconlabs/simplicitystudio/v3/developer/toolchains/gnu_arm/4.8_2013q4/bin/../lib/gcc/arm-none-eabi/4.8.3/../../../../arm-none-eabi/lib/armv7-m\libc_s.a(lib_a-impure.o)
 *fill*         0x00005142        0x2 
 .rodata._global_impure_ptr
                0x00005144        0x4 c:/siliconlabs/simplicitystudio/v3/developer/toolchains/gnu_arm/4.8_2013q4/bin/../lib/gcc/arm-none-eabi/4.8.3/../../../../arm-none-eabi/lib/armv7-m\libc_s.a(lib_a-impure.o)
                0x00005144                _global_impure_ptr
 *(.eh_frame*)
 .eh_frame      0x00005148        0x0 c:/siliconlabs/simplicitystudio/v3/developer/toolchains/gnu_arm/4.8_2013q4/bin/../lib/gcc/arm-none-eabi/4.8.3/armv7-m/crtbegin.o
 .eh_frame      0x00005148        0x4 c:/siliconlabs/simplicitystudio/v3/developer/toolchains/gnu_arm/4.8_2013q4/bin/../lib/gcc/arm-none-eabi/4.8.3/armv7-m/crtend.o

.glue_7         0x0000514c        0x0
 .glue_7        0x00000000        0x0 linker stubs

.glue_7t        0x0000514c        0x0
 .glue_7t       0x00000000        0x0 linker stubs

.vfp11_veneer   0x0000514c        0x0
 .vfp11_veneer  0x00000000        0x0 linker stubs

.v4_bx          0x0000514c        0x0
 .v4_bx         0x00000000        0x0 linker stubs

.iplt           0x0000514c        0x0
 .iplt          0x00000000        0x0 c:/siliconlabs/simplicitystudio/v3/developer/toolchains/gnu_arm/4.8_2013q4/bin/../lib/gcc/arm-none-eabi/4.8.3/armv7-m/crtbegin.o

.ARM.extab
 *(.ARM.extab* .gnu.linkonce.armextab.*)
                0x0000514c                __exidx_start = .

.ARM.exidx      0x0000514c        0x8
 *(.ARM.exidx* .gnu.linkonce.armexidx.*)
 .ARM.exidx     0x0000514c        0x8 c:/siliconlabs/simplicitystudio/v3/developer/toolchains/gnu_arm/4.8_2013q4/bin/../lib/gcc/arm-none-eabi/4.8.3/../../../../arm-none-eabi/lib/armv7-m/crt0.o
                0x00005154                __exidx_end = .
                0x00005154                __etext = .

.rel.dyn        0x00005154        0x0
 .rel.iplt      0x00000000        0x0 c:/siliconlabs/simplicitystudio/v3/developer/toolchains/gnu_arm/4.8_2013q4/bin/../lib/gcc/arm-none-eabi/4.8.3/armv7-m/crtbegin.o

.data           0x20000000       0x94 load address 0x00005154
                0x20000000                __data_start__ = .
 *(vtable)
 *(.data*)
 .data.avrgTemp
                0x20000000        0x4 ./src/main.o
                0x20000000                avrgTemp
 .data.acmpInit
                0x20000004       0x18 ./src/main.o
                0x20000004                acmpInit
 .data.SystemHFXOClock
                0x2000001c        0x4 ./CMSIS/efm32lg/system_efm32lg.o
 .data.SystemLFXOClock
                0x20000020        0x4 ./CMSIS/efm32lg/system_efm32lg.o
 .data.impure_data
                0x20000024       0x60 c:/siliconlabs/simplicitystudio/v3/developer/toolchains/gnu_arm/4.8_2013q4/bin/../lib/gcc/arm-none-eabi/4.8.3/../../../../arm-none-eabi/lib/armv7-m\libc_s.a(lib_a-impure.o)
 .data._impure_ptr
                0x20000084        0x4 c:/siliconlabs/simplicitystudio/v3/developer/toolchains/gnu_arm/4.8_2013q4/bin/../lib/gcc/arm-none-eabi/4.8.3/../../../../arm-none-eabi/lib/armv7-m\libc_s.a(lib_a-impure.o)
                0x20000084                _impure_ptr
                0x20000088                . = ALIGN (0x4)
 *(.ram)
                0x20000088                . = ALIGN (0x4)
                0x20000088                PROVIDE (__preinit_array_start, .)
 *(.preinit_array)
                0x20000088                PROVIDE (__preinit_array_end, .)
                0x20000088                . = ALIGN (0x4)
                0x20000088                PROVIDE (__init_array_start, .)
 *(SORT(.init_array.*))
 *(.init_array)
 .init_array    0x20000088        0x4 c:/siliconlabs/simplicitystudio/v3/developer/toolchains/gnu_arm/4.8_2013q4/bin/../lib/gcc/arm-none-eabi/4.8.3/armv7-m/crtbegin.o
                0x2000008c                PROVIDE (__init_array_end, .)
                0x2000008c                . = ALIGN (0x4)
                0x2000008c                PROVIDE (__fini_array_start, .)
 *(SORT(.fini_array.*))
 *(.fini_array)
 .fini_array    0x2000008c        0x4 c:/siliconlabs/simplicitystudio/v3/developer/toolchains/gnu_arm/4.8_2013q4/bin/../lib/gcc/arm-none-eabi/4.8.3/armv7-m/crtbegin.o
                0x20000090                PROVIDE (__fini_array_end, .)
 *(.jcr*)
 .jcr           0x20000090        0x0 c:/siliconlabs/simplicitystudio/v3/developer/toolchains/gnu_arm/4.8_2013q4/bin/../lib/gcc/arm-none-eabi/4.8.3/armv7-m/crtbegin.o
 .jcr           0x20000090        0x4 c:/siliconlabs/simplicitystudio/v3/developer/toolchains/gnu_arm/4.8_2013q4/bin/../lib/gcc/arm-none-eabi/4.8.3/armv7-m/crtend.o
                0x20000094                . = ALIGN (0x4)
                0x20000094                __data_end__ = .

.igot.plt       0x20000094        0x0 load address 0x000051e8
 .igot.plt      0x00000000        0x0 c:/siliconlabs/simplicitystudio/v3/developer/toolchains/gnu_arm/4.8_2013q4/bin/../lib/gcc/arm-none-eabi/4.8.3/armv7-m/crtbegin.o

.bss            0x20000100      0x73c load address 0x00005300
                0x20000100                . = ALIGN (0x4)
                0x20000100                __bss_start__ = .
 *(.bss*)
 .bss           0x20000100       0x1c c:/siliconlabs/simplicitystudio/v3/developer/toolchains/gnu_arm/4.8_2013q4/bin/../lib/gcc/arm-none-eabi/4.8.3/armv7-m/crtbegin.o
 .bss.I2C_tx_buffer1
                0x2000011c        0x4 ./src/i2c.o
                0x2000011c                I2C_tx_buffer1
 .bss.event_check
                0x20000120        0x4 ./src/i2c.o
                0x20000120                event_check
 .bss.AdcIrqTemp
                0x20000124        0x4 ./src/main.o
                0x20000124                AdcIrqTemp
 .bss.adcSampleCount
                0x20000128        0x4 ./src/main.o
                0x20000128                adcSampleCount
 .bss.check.7722
                0x2000012c        0x4 ./src/main.o
 .bss.sleep_block_counter
                0x20000130       0x10 ./src/sleep.o
                0x20000130                sleep_block_counter
 .bss.cmuStatus
                0x20000140        0x4 ./emlib/em_emu.o
 .bss.i2cTransfer
                0x20000144       0x18 ./emlib/em_i2c.o
 .bss.INT_LockCnt
                0x2000015c        0x4 ./emlib/em_int.o
                0x2000015c                INT_LockCnt
 .bss.__malloc_sbrk_start
                0x20000160        0x4 c:/siliconlabs/simplicitystudio/v3/developer/toolchains/gnu_arm/4.8_2013q4/bin/../lib/gcc/arm-none-eabi/4.8.3/../../../../arm-none-eabi/lib/armv7-m\libc_s.a(lib_a-nano-mallocr.o)
                0x20000160                __malloc_sbrk_start
 .bss.__malloc_free_list
                0x20000164        0x4 c:/siliconlabs/simplicitystudio/v3/developer/toolchains/gnu_arm/4.8_2013q4/bin/../lib/gcc/arm-none-eabi/4.8.3/../../../../arm-none-eabi/lib/armv7-m\libc_s.a(lib_a-nano-mallocr.o)
                0x20000164                __malloc_free_list
 .bss.heap_end.4237
                0x20000168        0x4 c:/siliconlabs/simplicitystudio/v3/developer/toolchains/gnu_arm/4.8_2013q4/bin/../lib/gcc/arm-none-eabi/4.8.3/../../../../arm-none-eabi/lib/armv7-m\libnosys.a(sbrk.o)
 *(COMMON)
 COMMON         0x2000016c       0x18 ./src/acmp.o
                0x2000016c                callBack
 *fill*         0x20000184       0x7c 
 COMMON         0x20000200      0x200 ./src/dmactrl.o
                0x20000200                dmaControlBlock
 COMMON         0x20000400       0x16 ./src/i2c.o
                0x20000400                I2C_Status
                0x20000404                led_status
                0x20000408                ADC_High
                0x20000409                ADC_Low
                0x2000040c                I2C_rx_buffer
 *fill*         0x20000416        0x2 
 COMMON         0x20000418      0x41c ./src/main.o
                0x20000418                rx_buffer
                0x2000042c                tx_buffer
                0x20000440                handle
                0x20000444                ramBufferAdcData
                0x2000082c                LED0_TURNON_COUNT
                0x20000830                LED0_DUTYCYCLE_COUNT
 COMMON         0x20000834        0x4 ./CMSIS/efm32lg/system_efm32lg.o
                0x20000834                SystemCoreClock
 COMMON         0x20000838        0x4 c:/siliconlabs/simplicitystudio/v3/developer/toolchains/gnu_arm/4.8_2013q4/bin/../lib/gcc/arm-none-eabi/4.8.3/../../../../arm-none-eabi/lib/armv7-m\libc_s.a(lib_a-reent.o)
                0x20000838                errno
                0x2000083c                . = ALIGN (0x4)
                0x2000083c                __bss_end__ = .

.heap           0x20000840      0xc00
                0x20000840                __HeapBase = .
                0x20000840                __end__ = .
                0x20000840                end = __end__
                0x20000840                _end = __end__
 *(.heap*)
 .heap          0x20000840      0xc00 ./CMSIS/efm32lg/startup_gcc_efm32lg.o
                0x20001440                __HeapLimit = .

.stack_dummy    0x20000840      0x400
 *(.stack*)
 .stack         0x20000840      0x400 ./CMSIS/efm32lg/startup_gcc_efm32lg.o
                0x20008000                __StackTop = (ORIGIN (RAM) + 0x8000)
                0x20007c00                __StackLimit = (__StackTop - SIZEOF (.stack_dummy))
                0x20008000                PROVIDE (__stack, __StackTop)
                0x00000001                ASSERT ((__StackLimit >= __HeapLimit), region RAM overflowed with stack)
                0x00000001                ASSERT ((0x40000 >= (__etext + SIZEOF (.data))), FLASH memory overflowed !)
OUTPUT(again.axf elf32-littlearm)

.ARM.attributes
                0x00000000       0x29
 .ARM.attributes
                0x00000000       0x1d c:/siliconlabs/simplicitystudio/v3/developer/toolchains/gnu_arm/4.8_2013q4/bin/../lib/gcc/arm-none-eabi/4.8.3/armv7-m/crti.o
 .ARM.attributes
                0x0000001d       0x2d c:/siliconlabs/simplicitystudio/v3/developer/toolchains/gnu_arm/4.8_2013q4/bin/../lib/gcc/arm-none-eabi/4.8.3/armv7-m/crtbegin.o
 .ARM.attributes
                0x0000004a       0x1b c:/siliconlabs/simplicitystudio/v3/developer/toolchains/gnu_arm/4.8_2013q4/bin/../lib/gcc/arm-none-eabi/4.8.3/../../../../arm-none-eabi/lib/armv7-m/crt0.o
 .ARM.attributes
                0x00000065       0x33 ./src/acmp.o
 .ARM.attributes
                0x00000098       0x33 ./src/adc.o
 .ARM.attributes
                0x000000cb       0x33 ./src/circBuffer.o
 .ARM.attributes
                0x000000fe       0x33 ./src/dma_leuart.o
 .ARM.attributes
                0x00000131       0x33 ./src/dmactrl.o
 .ARM.attributes
                0x00000164       0x33 ./src/i2c.o
 .ARM.attributes
                0x00000197       0x33 ./src/letimer_gpio_clock.o
 .ARM.attributes
                0x000001ca       0x33 ./src/leuart.o
 .ARM.attributes
                0x000001fd       0x33 ./src/main.o
 .ARM.attributes
                0x00000230       0x33 ./src/segmentlcd.o
 .ARM.attributes
                0x00000263       0x33 ./src/sleep.o
 .ARM.attributes
                0x00000296       0x33 ./emlib/em_acmp.o
 .ARM.attributes
                0x000002c9       0x33 ./emlib/em_adc.o
 .ARM.attributes
                0x000002fc       0x33 ./emlib/em_cmu.o
 .ARM.attributes
                0x0000032f       0x33 ./emlib/em_dma.o
 .ARM.attributes
                0x00000362       0x33 ./emlib/em_emu.o
 .ARM.attributes
                0x00000395       0x33 ./emlib/em_gpio.o
 .ARM.attributes
                0x000003c8       0x33 ./emlib/em_i2c.o
 .ARM.attributes
                0x000003fb       0x33 ./emlib/em_int.o
 .ARM.attributes
                0x0000042e       0x33 ./emlib/em_lcd.o
 .ARM.attributes
                0x00000461       0x33 ./emlib/em_letimer.o
 .ARM.attributes
                0x00000494       0x33 ./emlib/em_leuart.o
 .ARM.attributes
                0x000004c7       0x33 ./emlib/em_system.o
 .ARM.attributes
                0x000004fa       0x1b ./CMSIS/efm32lg/startup_gcc_efm32lg.o
 .ARM.attributes
                0x00000515       0x33 ./CMSIS/efm32lg/system_efm32lg.o
 .ARM.attributes
                0x00000548       0x1d c:/siliconlabs/simplicitystudio/v3/developer/toolchains/gnu_arm/4.8_2013q4/bin/../lib/gcc/arm-none-eabi/4.8.3/armv7-m\libgcc.a(_arm_addsubsf3.o)
 .ARM.attributes
                0x00000565       0x1d c:/siliconlabs/simplicitystudio/v3/developer/toolchains/gnu_arm/4.8_2013q4/bin/../lib/gcc/arm-none-eabi/4.8.3/armv7-m\libgcc.a(_arm_muldivsf3.o)
 .ARM.attributes
                0x00000582       0x1d c:/siliconlabs/simplicitystudio/v3/developer/toolchains/gnu_arm/4.8_2013q4/bin/../lib/gcc/arm-none-eabi/4.8.3/armv7-m\libgcc.a(_arm_cmpsf2.o)
 .ARM.attributes
                0x0000059f       0x1d c:/siliconlabs/simplicitystudio/v3/developer/toolchains/gnu_arm/4.8_2013q4/bin/../lib/gcc/arm-none-eabi/4.8.3/armv7-m\libgcc.a(_arm_fixsfsi.o)
 .ARM.attributes
                0x000005bc       0x2d c:/siliconlabs/simplicitystudio/v3/developer/toolchains/gnu_arm/4.8_2013q4/bin/../lib/gcc/arm-none-eabi/4.8.3/../../../../arm-none-eabi/lib/armv7-m\libc_s.a(lib_a-exit.o)
 .ARM.attributes
                0x000005e9       0x2d c:/siliconlabs/simplicitystudio/v3/developer/toolchains/gnu_arm/4.8_2013q4/bin/../lib/gcc/arm-none-eabi/4.8.3/../../../../arm-none-eabi/lib/armv7-m\libc_s.a(lib_a-impure.o)
 .ARM.attributes
                0x00000616       0x2d c:/siliconlabs/simplicitystudio/v3/developer/toolchains/gnu_arm/4.8_2013q4/bin/../lib/gcc/arm-none-eabi/4.8.3/../../../../arm-none-eabi/lib/armv7-m\libc_s.a(lib_a-init.o)
 .ARM.attributes
                0x00000643       0x2d c:/siliconlabs/simplicitystudio/v3/developer/toolchains/gnu_arm/4.8_2013q4/bin/../lib/gcc/arm-none-eabi/4.8.3/../../../../arm-none-eabi/lib/armv7-m\libc_s.a(lib_a-malloc.o)
 .ARM.attributes
                0x00000670       0x2d c:/siliconlabs/simplicitystudio/v3/developer/toolchains/gnu_arm/4.8_2013q4/bin/../lib/gcc/arm-none-eabi/4.8.3/../../../../arm-none-eabi/lib/armv7-m\libc_s.a(lib_a-memcpy-stub.o)
 .ARM.attributes
                0x0000069d       0x2d c:/siliconlabs/simplicitystudio/v3/developer/toolchains/gnu_arm/4.8_2013q4/bin/../lib/gcc/arm-none-eabi/4.8.3/../../../../arm-none-eabi/lib/armv7-m\libc_s.a(lib_a-memset.o)
 .ARM.attributes
                0x000006ca       0x2d c:/siliconlabs/simplicitystudio/v3/developer/toolchains/gnu_arm/4.8_2013q4/bin/../lib/gcc/arm-none-eabi/4.8.3/../../../../arm-none-eabi/lib/armv7-m\libc_s.a(lib_a-nano-mallocr.o)
 .ARM.attributes
                0x000006f7       0x2d c:/siliconlabs/simplicitystudio/v3/developer/toolchains/gnu_arm/4.8_2013q4/bin/../lib/gcc/arm-none-eabi/4.8.3/../../../../arm-none-eabi/lib/armv7-m\libc_s.a(lib_a-sbrkr.o)
 .ARM.attributes
                0x00000724       0x2d c:/siliconlabs/simplicitystudio/v3/developer/toolchains/gnu_arm/4.8_2013q4/bin/../lib/gcc/arm-none-eabi/4.8.3/../../../../arm-none-eabi/lib/armv7-m\libc_s.a(lib_a-strlen.o)
 .ARM.attributes
                0x00000751       0x2d c:/siliconlabs/simplicitystudio/v3/developer/toolchains/gnu_arm/4.8_2013q4/bin/../lib/gcc/arm-none-eabi/4.8.3/../../../../arm-none-eabi/lib/armv7-m\libc_s.a(lib_a-reent.o)
 .ARM.attributes
                0x0000077e       0x2d c:/siliconlabs/simplicitystudio/v3/developer/toolchains/gnu_arm/4.8_2013q4/bin/../lib/gcc/arm-none-eabi/4.8.3/../../../../arm-none-eabi/lib/armv7-m\libnosys.a(sbrk.o)
 .ARM.attributes
                0x000007ab       0x2d c:/siliconlabs/simplicitystudio/v3/developer/toolchains/gnu_arm/4.8_2013q4/bin/../lib/gcc/arm-none-eabi/4.8.3/../../../../arm-none-eabi/lib/armv7-m\libnosys.a(_exit.o)
 .ARM.attributes
                0x000007d8       0x2d c:/siliconlabs/simplicitystudio/v3/developer/toolchains/gnu_arm/4.8_2013q4/bin/../lib/gcc/arm-none-eabi/4.8.3/armv7-m/crtend.o
 .ARM.attributes
                0x00000805       0x1d c:/siliconlabs/simplicitystudio/v3/developer/toolchains/gnu_arm/4.8_2013q4/bin/../lib/gcc/arm-none-eabi/4.8.3/armv7-m/crtn.o

.comment        0x00000000       0x70
 .comment       0x00000000       0x70 ./src/acmp.o
                                 0x71 (size before relaxing)
 .comment       0x00000000       0x71 ./src/adc.o
 .comment       0x00000000       0x71 ./src/circBuffer.o
 .comment       0x00000000       0x71 ./src/dma_leuart.o
 .comment       0x00000000       0x71 ./src/dmactrl.o
 .comment       0x00000000       0x71 ./src/i2c.o
 .comment       0x00000000       0x71 ./src/letimer_gpio_clock.o
 .comment       0x00000000       0x71 ./src/leuart.o
 .comment       0x00000000       0x71 ./src/main.o
 .comment       0x00000000       0x71 ./src/segmentlcd.o
 .comment       0x00000000       0x71 ./src/sleep.o
 .comment       0x00000000       0x71 ./emlib/em_acmp.o
 .comment       0x00000000       0x71 ./emlib/em_adc.o
 .comment       0x00000000       0x71 ./emlib/em_cmu.o
 .comment       0x00000000       0x71 ./emlib/em_dma.o
 .comment       0x00000000       0x71 ./emlib/em_emu.o
 .comment       0x00000000       0x71 ./emlib/em_gpio.o
 .comment       0x00000000       0x71 ./emlib/em_i2c.o
 .comment       0x00000000       0x71 ./emlib/em_int.o
 .comment       0x00000000       0x71 ./emlib/em_lcd.o
 .comment       0x00000000       0x71 ./emlib/em_letimer.o
 .comment       0x00000000       0x71 ./emlib/em_leuart.o
 .comment       0x00000000       0x71 ./emlib/em_system.o
 .comment       0x00000000       0x71 ./CMSIS/efm32lg/system_efm32lg.o

.debug_info     0x00000000     0xd52e
 .debug_info    0x00000000      0x51c ./src/acmp.o
 .debug_info    0x0000051c      0x745 ./src/adc.o
 .debug_info    0x00000c61      0x1cb ./src/circBuffer.o
 .debug_info    0x00000e2c      0x4f2 ./src/dma_leuart.o
 .debug_info    0x0000131e      0x113 ./src/dmactrl.o
 .debug_info    0x00001431      0xe3f ./src/i2c.o
 .debug_info    0x00002270      0x602 ./src/letimer_gpio_clock.o
 .debug_info    0x00002872      0x998 ./src/leuart.o
 .debug_info    0x0000320a     0x1a9f ./src/main.o
 .debug_info    0x00004ca9     0x11aa ./src/segmentlcd.o
 .debug_info    0x00005e53      0x3a7 ./src/sleep.o
 .debug_info    0x000061fa      0x62a ./emlib/em_acmp.o
 .debug_info    0x00006824      0xa70 ./emlib/em_adc.o
 .debug_info    0x00007294     0x1390 ./emlib/em_cmu.o
 .debug_info    0x00008624     0x12bd ./emlib/em_dma.o
 .debug_info    0x000098e1      0xd80 ./emlib/em_emu.o
 .debug_info    0x0000a661      0x648 ./emlib/em_gpio.o
 .debug_info    0x0000aca9      0x841 ./emlib/em_i2c.o
 .debug_info    0x0000b4ea       0xa6 ./emlib/em_int.o
 .debug_info    0x0000b590      0xa2c ./emlib/em_lcd.o
 .debug_info    0x0000bfbc      0x502 ./emlib/em_letimer.o
 .debug_info    0x0000c4be      0x828 ./emlib/em_leuart.o
 .debug_info    0x0000cce6      0x245 ./emlib/em_system.o
 .debug_info    0x0000cf2b       0xa2 ./CMSIS/efm32lg/startup_gcc_efm32lg.o
 .debug_info    0x0000cfcd      0x561 ./CMSIS/efm32lg/system_efm32lg.o

.debug_abbrev   0x00000000     0x2827
 .debug_abbrev  0x00000000      0x139 ./src/acmp.o
 .debug_abbrev  0x00000139      0x148 ./src/adc.o
 .debug_abbrev  0x00000281       0xb0 ./src/circBuffer.o
 .debug_abbrev  0x00000331      0x147 ./src/dma_leuart.o
 .debug_abbrev  0x00000478       0x98 ./src/dmactrl.o
 .debug_abbrev  0x00000510      0x2c1 ./src/i2c.o
 .debug_abbrev  0x000007d1       0xff ./src/letimer_gpio_clock.o
 .debug_abbrev  0x000008d0      0x1f8 ./src/leuart.o
 .debug_abbrev  0x00000ac8      0x34d ./src/main.o
 .debug_abbrev  0x00000e15      0x197 ./src/segmentlcd.o
 .debug_abbrev  0x00000fac      0x182 ./src/sleep.o
 .debug_abbrev  0x0000112e      0x1bb ./emlib/em_acmp.o
 .debug_abbrev  0x000012e9      0x1b0 ./emlib/em_adc.o
 .debug_abbrev  0x00001499      0x2f8 ./emlib/em_cmu.o
 .debug_abbrev  0x00001791      0x23b ./emlib/em_dma.o
 .debug_abbrev  0x000019cc      0x254 ./emlib/em_emu.o
 .debug_abbrev  0x00001c20      0x1cf ./emlib/em_gpio.o
 .debug_abbrev  0x00001def      0x24c ./emlib/em_i2c.o
 .debug_abbrev  0x0000203b       0x5c ./emlib/em_int.o
 .debug_abbrev  0x00002097      0x1c2 ./emlib/em_lcd.o
 .debug_abbrev  0x00002259      0x1a3 ./emlib/em_letimer.o
 .debug_abbrev  0x000023fc      0x1bb ./emlib/em_leuart.o
 .debug_abbrev  0x000025b7       0xef ./emlib/em_system.o
 .debug_abbrev  0x000026a6       0x14 ./CMSIS/efm32lg/startup_gcc_efm32lg.o
 .debug_abbrev  0x000026ba      0x16d ./CMSIS/efm32lg/system_efm32lg.o

.debug_loc      0x00000000     0x357c
 .debug_loc     0x00000000       0x38 ./src/acmp.o
 .debug_loc     0x00000038       0x38 ./src/adc.o
 .debug_loc     0x00000070       0xe0 ./src/circBuffer.o
 .debug_loc     0x00000150       0x70 ./src/dma_leuart.o
 .debug_loc     0x000001c0      0x3a0 ./src/i2c.o
 .debug_loc     0x00000560       0x58 ./src/letimer_gpio_clock.o
 .debug_loc     0x000005b8      0x144 ./src/leuart.o
 .debug_loc     0x000006fc      0x4b8 ./src/main.o
 .debug_loc     0x00000bb4      0x45c ./src/segmentlcd.o
 .debug_loc     0x00001010      0x12c ./src/sleep.o
 .debug_loc     0x0000113c      0x230 ./emlib/em_acmp.o
 .debug_loc     0x0000136c      0x188 ./emlib/em_adc.o
 .debug_loc     0x000014f4      0x8d0 ./emlib/em_cmu.o
 .debug_loc     0x00001dc4      0x498 ./emlib/em_dma.o
 .debug_loc     0x0000225c      0x3b4 ./emlib/em_emu.o
 .debug_loc     0x00002610      0x268 ./emlib/em_gpio.o
 .debug_loc     0x00002878      0x1f8 ./emlib/em_i2c.o
 .debug_loc     0x00002a70      0x3b8 ./emlib/em_lcd.o
 .debug_loc     0x00002e28      0x1c0 ./emlib/em_letimer.o
 .debug_loc     0x00002fe8      0x310 ./emlib/em_leuart.o
 .debug_loc     0x000032f8       0x70 ./emlib/em_system.o
 .debug_loc     0x00003368      0x214 ./CMSIS/efm32lg/system_efm32lg.o

.debug_aranges  0x00000000      0xa40
 .debug_aranges
                0x00000000       0x20 ./src/acmp.o
 .debug_aranges
                0x00000020       0x20 ./src/adc.o
 .debug_aranges
                0x00000040       0x38 ./src/circBuffer.o
 .debug_aranges
                0x00000078       0x28 ./src/dma_leuart.o
 .debug_aranges
                0x000000a0       0x18 ./src/dmactrl.o
 .debug_aranges
                0x000000b8       0xa0 ./src/i2c.o
 .debug_aranges
                0x00000158       0x28 ./src/letimer_gpio_clock.o
 .debug_aranges
                0x00000180       0x48 ./src/leuart.o
 .debug_aranges
                0x000001c8       0xc8 ./src/main.o
 .debug_aranges
                0x00000290       0xc0 ./src/segmentlcd.o
 .debug_aranges
                0x00000350       0x48 ./src/sleep.o
 .debug_aranges
                0x00000398       0x68 ./emlib/em_acmp.o
 .debug_aranges
                0x00000400       0x50 ./emlib/em_adc.o
 .debug_aranges
                0x00000450      0x168 ./emlib/em_cmu.o
 .debug_aranges
                0x000005b8       0xc0 ./emlib/em_dma.o
 .debug_aranges
                0x00000678       0xa8 ./emlib/em_emu.o
 .debug_aranges
                0x00000720       0x70 ./emlib/em_gpio.o
 .debug_aranges
                0x00000790       0x60 ./emlib/em_i2c.o
 .debug_aranges
                0x000007f0       0x18 ./emlib/em_int.o
 .debug_aranges
                0x00000808       0xa0 ./emlib/em_lcd.o
 .debug_aranges
                0x000008a8       0x58 ./emlib/em_letimer.o
 .debug_aranges
                0x00000900       0x88 ./emlib/em_leuart.o
 .debug_aranges
                0x00000988       0x28 ./emlib/em_system.o
 .debug_aranges
                0x000009b0       0x20 ./CMSIS/efm32lg/startup_gcc_efm32lg.o
 .debug_aranges
                0x000009d0       0x70 ./CMSIS/efm32lg/system_efm32lg.o

.debug_ranges   0x00000000      0x890
 .debug_ranges  0x00000000       0x10 ./src/acmp.o
 .debug_ranges  0x00000010       0x10 ./src/adc.o
 .debug_ranges  0x00000020       0x28 ./src/circBuffer.o
 .debug_ranges  0x00000048       0x18 ./src/dma_leuart.o
 .debug_ranges  0x00000060       0x90 ./src/i2c.o
 .debug_ranges  0x000000f0       0x18 ./src/letimer_gpio_clock.o
 .debug_ranges  0x00000108       0x38 ./src/leuart.o
 .debug_ranges  0x00000140       0xb8 ./src/main.o
 .debug_ranges  0x000001f8       0xb0 ./src/segmentlcd.o
 .debug_ranges  0x000002a8       0x38 ./src/sleep.o
 .debug_ranges  0x000002e0       0x58 ./emlib/em_acmp.o
 .debug_ranges  0x00000338       0x40 ./emlib/em_adc.o
 .debug_ranges  0x00000378      0x158 ./emlib/em_cmu.o
 .debug_ranges  0x000004d0       0xb0 ./emlib/em_dma.o
 .debug_ranges  0x00000580       0x98 ./emlib/em_emu.o
 .debug_ranges  0x00000618       0x60 ./emlib/em_gpio.o
 .debug_ranges  0x00000678       0x50 ./emlib/em_i2c.o
 .debug_ranges  0x000006c8       0x90 ./emlib/em_lcd.o
 .debug_ranges  0x00000758       0x48 ./emlib/em_letimer.o
 .debug_ranges  0x000007a0       0x78 ./emlib/em_leuart.o
 .debug_ranges  0x00000818       0x18 ./emlib/em_system.o
 .debug_ranges  0x00000830       0x60 ./CMSIS/efm32lg/system_efm32lg.o

.debug_line     0x00000000     0x4f4c
 .debug_line    0x00000000      0x1f6 ./src/acmp.o
 .debug_line    0x000001f6      0x1f3 ./src/adc.o
 .debug_line    0x000003e9      0x10c ./src/circBuffer.o
 .debug_line    0x000004f5      0x26f ./src/dma_leuart.o
 .debug_line    0x00000764      0x16f ./src/dmactrl.o
 .debug_line    0x000008d3      0x4b6 ./src/i2c.o
 .debug_line    0x00000d89      0x215 ./src/letimer_gpio_clock.o
 .debug_line    0x00000f9e      0x27e ./src/leuart.o
 .debug_line    0x0000121c      0x61e ./src/main.o
 .debug_line    0x0000183a      0x568 ./src/segmentlcd.o
 .debug_line    0x00001da2      0x201 ./src/sleep.o
 .debug_line    0x00001fa3      0x32e ./emlib/em_acmp.o
 .debug_line    0x000022d1      0x2ec ./emlib/em_adc.o
 .debug_line    0x000025bd      0x930 ./emlib/em_cmu.o
 .debug_line    0x00002eed      0x4bc ./emlib/em_dma.o
 .debug_line    0x000033a9      0x47d ./emlib/em_emu.o
 .debug_line    0x00003826      0x348 ./emlib/em_gpio.o
 .debug_line    0x00003b6e      0x3b3 ./emlib/em_i2c.o
 .debug_line    0x00003f21       0xf6 ./emlib/em_int.o
 .debug_line    0x00004017      0x401 ./emlib/em_lcd.o
 .debug_line    0x00004418      0x2d7 ./emlib/em_letimer.o
 .debug_line    0x000046ef      0x360 ./emlib/em_leuart.o
 .debug_line    0x00004a4f      0x213 ./emlib/em_system.o
 .debug_line    0x00004c62       0x72 ./CMSIS/efm32lg/startup_gcc_efm32lg.o
 .debug_line    0x00004cd4      0x278 ./CMSIS/efm32lg/system_efm32lg.o

.debug_str      0x00000000     0x4665
 .debug_str     0x00000000      0x76b ./src/acmp.o
                                0x7b8 (size before relaxing)
 .debug_str     0x0000076b      0x648 ./src/adc.o
                                0xacf (size before relaxing)
 .debug_str     0x00000db3       0x75 ./src/circBuffer.o
                                0x23e (size before relaxing)
 .debug_str     0x00000e28      0x2b2 ./src/dma_leuart.o
                                0x4ff (size before relaxing)
 .debug_str     0x000010da       0x11 ./src/dmactrl.o
                                0x21f (size before relaxing)
 .debug_str     0x000010eb      0x8a9 ./src/i2c.o
                                0xd80 (size before relaxing)
 .debug_str     0x00001994      0x1e2 ./src/letimer_gpio_clock.o
                                0x8ad (size before relaxing)
 .debug_str     0x00001b76      0x1bb ./src/leuart.o
                                0xc4c (size before relaxing)
 .debug_str     0x00001d31      0x57d ./src/main.o
                               0x1484 (size before relaxing)
 .debug_str     0x000022ae      0x792 ./src/segmentlcd.o
                                0xdba (size before relaxing)
 .debug_str     0x00002a40       0xad ./src/sleep.o
                                0x2e8 (size before relaxing)
 .debug_str     0x00002aed      0x145 ./emlib/em_acmp.o
                                0x64a (size before relaxing)
 .debug_str     0x00002c32       0xc2 ./emlib/em_adc.o
                                0xbc2 (size before relaxing)
 .debug_str     0x00002cf4      0x868 ./emlib/em_cmu.o
                                0xfa5 (size before relaxing)
 .debug_str     0x0000355c      0x39b ./emlib/em_dma.o
                                0xd61 (size before relaxing)
 .debug_str     0x000038f7      0x416 ./emlib/em_emu.o
                                0x835 (size before relaxing)
 .debug_str     0x00003d0d       0xdf ./emlib/em_gpio.o
                                0x5ed (size before relaxing)
 .debug_str     0x00003dec      0x1d2 ./emlib/em_i2c.o
                                0x7e4 (size before relaxing)
 .debug_str     0x00003fbe       0x12 ./emlib/em_int.o
                                0x1ed (size before relaxing)
 .debug_str     0x00003fd0      0x345 ./emlib/em_lcd.o
                                0x8e6 (size before relaxing)
 .debug_str     0x00004315       0xb3 ./emlib/em_letimer.o
                                0x42f (size before relaxing)
 .debug_str     0x000043c8      0x116 ./emlib/em_leuart.o
                                0x766 (size before relaxing)
 .debug_str     0x000044de       0x7b ./emlib/em_system.o
                                0x2bf (size before relaxing)
 .debug_str     0x00004559      0x10c ./CMSIS/efm32lg/system_efm32lg.o
                                0x49c (size before relaxing)

.debug_frame    0x00000000     0x2024
 .debug_frame   0x00000000       0x34 ./src/acmp.o
 .debug_frame   0x00000034       0x30 ./src/adc.o
 .debug_frame   0x00000064       0x90 ./src/circBuffer.o
 .debug_frame   0x000000f4       0x4c ./src/dma_leuart.o
 .debug_frame   0x00000140      0x204 ./src/i2c.o
 .debug_frame   0x00000344       0x48 ./src/letimer_gpio_clock.o
 .debug_frame   0x0000038c       0xbc ./src/leuart.o
 .debug_frame   0x00000448      0x2a0 ./src/main.o
 .debug_frame   0x000006e8      0x28c ./src/segmentlcd.o
 .debug_frame   0x00000974       0xb8 ./src/sleep.o
 .debug_frame   0x00000a2c      0x138 ./emlib/em_acmp.o
 .debug_frame   0x00000b64       0xec ./emlib/em_adc.o
 .debug_frame   0x00000c50      0x4dc ./emlib/em_cmu.o
 .debug_frame   0x0000112c      0x27c ./emlib/em_dma.o
 .debug_frame   0x000013a8      0x210 ./emlib/em_emu.o
 .debug_frame   0x000015b8      0x154 ./emlib/em_gpio.o
 .debug_frame   0x0000170c      0x120 ./emlib/em_i2c.o
 .debug_frame   0x0000182c      0x1fc ./emlib/em_lcd.o
 .debug_frame   0x00001a28       0xf4 ./emlib/em_letimer.o
 .debug_frame   0x00001b1c      0x1bc ./emlib/em_leuart.o
 .debug_frame   0x00001cd8       0x48 ./emlib/em_system.o
 .debug_frame   0x00001d20      0x138 ./CMSIS/efm32lg/system_efm32lg.o
 .debug_frame   0x00001e58       0x28 c:/siliconlabs/simplicitystudio/v3/developer/toolchains/gnu_arm/4.8_2013q4/bin/../lib/gcc/arm-none-eabi/4.8.3/../../../../arm-none-eabi/lib/armv7-m\libc_s.a(lib_a-exit.o)
 .debug_frame   0x00001e80       0x2c c:/siliconlabs/simplicitystudio/v3/developer/toolchains/gnu_arm/4.8_2013q4/bin/../lib/gcc/arm-none-eabi/4.8.3/../../../../arm-none-eabi/lib/armv7-m\libc_s.a(lib_a-init.o)
 .debug_frame   0x00001eac       0x30 c:/siliconlabs/simplicitystudio/v3/developer/toolchains/gnu_arm/4.8_2013q4/bin/../lib/gcc/arm-none-eabi/4.8.3/../../../../arm-none-eabi/lib/armv7-m\libc_s.a(lib_a-malloc.o)
 .debug_frame   0x00001edc       0x28 c:/siliconlabs/simplicitystudio/v3/developer/toolchains/gnu_arm/4.8_2013q4/bin/../lib/gcc/arm-none-eabi/4.8.3/../../../../arm-none-eabi/lib/armv7-m\libc_s.a(lib_a-memcpy-stub.o)
 .debug_frame   0x00001f04       0x20 c:/siliconlabs/simplicitystudio/v3/developer/toolchains/gnu_arm/4.8_2013q4/bin/../lib/gcc/arm-none-eabi/4.8.3/../../../../arm-none-eabi/lib/armv7-m\libc_s.a(lib_a-memset.o)
 .debug_frame   0x00001f24       0x2c c:/siliconlabs/simplicitystudio/v3/developer/toolchains/gnu_arm/4.8_2013q4/bin/../lib/gcc/arm-none-eabi/4.8.3/../../../../arm-none-eabi/lib/armv7-m\libc_s.a(lib_a-nano-mallocr.o)
 .debug_frame   0x00001f50       0x2c c:/siliconlabs/simplicitystudio/v3/developer/toolchains/gnu_arm/4.8_2013q4/bin/../lib/gcc/arm-none-eabi/4.8.3/../../../../arm-none-eabi/lib/armv7-m\libc_s.a(lib_a-sbrkr.o)
 .debug_frame   0x00001f7c       0x20 c:/siliconlabs/simplicitystudio/v3/developer/toolchains/gnu_arm/4.8_2013q4/bin/../lib/gcc/arm-none-eabi/4.8.3/../../../../arm-none-eabi/lib/armv7-m\libc_s.a(lib_a-strlen.o)
 .debug_frame   0x00001f9c       0x48 c:/siliconlabs/simplicitystudio/v3/developer/toolchains/gnu_arm/4.8_2013q4/bin/../lib/gcc/arm-none-eabi/4.8.3/../../../../arm-none-eabi/lib/armv7-m\libc_s.a(lib_a-reent.o)
 .debug_frame   0x00001fe4       0x20 c:/siliconlabs/simplicitystudio/v3/developer/toolchains/gnu_arm/4.8_2013q4/bin/../lib/gcc/arm-none-eabi/4.8.3/../../../../arm-none-eabi/lib/armv7-m\libnosys.a(sbrk.o)
 .debug_frame   0x00002004       0x20 c:/siliconlabs/simplicitystudio/v3/developer/toolchains/gnu_arm/4.8_2013q4/bin/../lib/gcc/arm-none-eabi/4.8.3/../../../../arm-none-eabi/lib/armv7-m\libnosys.a(_exit.o)
